-- Logs begin at Sat 2019-02-02 09:19:54 -05, end at Sat 2019-02-02 11:08:35 -05. --
feb 02 09:19:54 debian kernel: Linux version 4.9.0-8-amd64 (debian-kernel@lists.debian.org) (gcc version 6.3.0 20170516 (Debian 6.3.0-18+deb9u1) ) #1 SMP Debian 4.9.130-2 (2018-10-27)
feb 02 09:19:54 debian kernel: Command line: BOOT_IMAGE=/boot/vmlinuz-4.9.0-8-amd64 root=UUID=3bbcc0d2-8f06-432b-988c-f2b5328f5781 ro quiet
feb 02 09:19:54 debian kernel: x86/fpu: Supporting XSAVE feature 0x001: 'x87 floating point registers'
feb 02 09:19:54 debian kernel: x86/fpu: Supporting XSAVE feature 0x002: 'SSE registers'
feb 02 09:19:54 debian kernel: x86/fpu: Supporting XSAVE feature 0x004: 'AVX registers'
feb 02 09:19:54 debian kernel: x86/fpu: xstate_offset[2]:  576, xstate_sizes[2]:  256
feb 02 09:19:54 debian kernel: x86/fpu: Enabled xstate features 0x7, context size is 832 bytes, using 'standard' format.
feb 02 09:19:54 debian kernel: e820: BIOS-provided physical RAM map:
feb 02 09:19:54 debian kernel: BIOS-e820: [mem 0x0000000000000000-0x000000000009d7ff] usable
feb 02 09:19:54 debian kernel: BIOS-e820: [mem 0x000000000009d800-0x000000000009ffff] reserved
feb 02 09:19:54 debian kernel: BIOS-e820: [mem 0x00000000000e0000-0x00000000000fffff] reserved
feb 02 09:19:54 debian kernel: BIOS-e820: [mem 0x0000000000100000-0x000000009d840fff] usable
feb 02 09:19:54 debian kernel: BIOS-e820: [mem 0x000000009d841000-0x000000009db3afff] reserved
feb 02 09:19:54 debian kernel: BIOS-e820: [mem 0x000000009db3b000-0x000000009db44fff] ACPI data
feb 02 09:19:54 debian kernel: BIOS-e820: [mem 0x000000009db45000-0x000000009de8afff] ACPI NVS
feb 02 09:19:54 debian kernel: BIOS-e820: [mem 0x000000009de8b000-0x000000009e639fff] reserved
feb 02 09:19:54 debian kernel: BIOS-e820: [mem 0x000000009e63a000-0x000000009e63afff] usable
feb 02 09:19:54 debian kernel: BIOS-e820: [mem 0x000000009e63b000-0x000000009e840fff] ACPI NVS
feb 02 09:19:54 debian kernel: BIOS-e820: [mem 0x000000009e841000-0x000000009ec52fff] usable
feb 02 09:19:54 debian kernel: BIOS-e820: [mem 0x000000009ec53000-0x000000009eff3fff] reserved
feb 02 09:19:54 debian kernel: BIOS-e820: [mem 0x000000009eff4000-0x000000009effffff] usable
feb 02 09:19:54 debian kernel: BIOS-e820: [mem 0x00000000fec00000-0x00000000fec00fff] reserved
feb 02 09:19:54 debian kernel: BIOS-e820: [mem 0x00000000fec10000-0x00000000fec10fff] reserved
feb 02 09:19:54 debian kernel: BIOS-e820: [mem 0x00000000fed00000-0x00000000fed00fff] reserved
feb 02 09:19:54 debian kernel: BIOS-e820: [mem 0x00000000fed80000-0x00000000fed8ffff] reserved
feb 02 09:19:54 debian kernel: BIOS-e820: [mem 0x00000000ff000000-0x00000000ffffffff] reserved
feb 02 09:19:54 debian kernel: BIOS-e820: [mem 0x0000000100001000-0x000000043effffff] usable
feb 02 09:19:54 debian kernel: NX (Execute Disable) protection: active
feb 02 09:19:54 debian kernel: SMBIOS 2.7 present.
feb 02 09:19:54 debian kernel: DMI: Hewlett-Packard 23-b037la/2AEE, BIOS 8.09 08/30/2012
feb 02 09:19:54 debian kernel: Kernel/User page tables isolation: disabled
feb 02 09:19:54 debian kernel: e820: update [mem 0x00000000-0x00000fff] usable ==> reserved
feb 02 09:19:54 debian kernel: e820: remove [mem 0x000a0000-0x000fffff] usable
feb 02 09:19:54 debian kernel: e820: last_pfn = 0x43f000 max_arch_pfn = 0x400000000
feb 02 09:19:54 debian kernel: MTRR default type: uncachable
feb 02 09:19:54 debian kernel: MTRR fixed ranges enabled:
feb 02 09:19:54 debian kernel:   00000-9FFFF write-back
feb 02 09:19:54 debian kernel:   A0000-BFFFF write-through
feb 02 09:19:54 debian kernel:   C0000-D0FFF write-protect
feb 02 09:19:54 debian kernel:   D1000-E7FFF uncachable
feb 02 09:19:54 debian kernel:   E8000-FFFFF write-protect
feb 02 09:19:54 debian kernel: MTRR variable ranges enabled:
feb 02 09:19:54 debian kernel:   0 base 000000000000 mask FFFF80000000 write-back
feb 02 09:19:54 debian kernel:   1 base 000080000000 mask FFFFE0000000 write-back
feb 02 09:19:54 debian kernel:   2 base 00009F000000 mask FFFFFF000000 uncachable
feb 02 09:19:54 debian kernel:   3 disabled
feb 02 09:19:54 debian kernel:   4 disabled
feb 02 09:19:54 debian kernel:   5 disabled
feb 02 09:19:54 debian kernel:   6 disabled
feb 02 09:19:54 debian kernel:   7 disabled
feb 02 09:19:54 debian kernel: TOM2: 000000043f000000 aka 17392M
feb 02 09:19:54 debian kernel: x86/PAT: Configuration [0-7]: WB  WC  UC- UC  WB  WC  UC- WT  
feb 02 09:19:54 debian kernel: e820: update [mem 0x9f000000-0xffffffff] usable ==> reserved
feb 02 09:19:54 debian kernel: e820: last_pfn = 0x9f000 max_arch_pfn = 0x400000000
feb 02 09:19:54 debian kernel: found SMP MP-table at [mem 0x000fd9a0-0x000fd9af] mapped at [ffff89df000fd9a0]
feb 02 09:19:54 debian kernel: Base memory trampoline at [ffff89df00097000] 97000 size 24576
feb 02 09:19:54 debian kernel: Using GB pages for direct mapping
feb 02 09:19:54 debian kernel: BRK [0x13193a000, 0x13193afff] PGTABLE
feb 02 09:19:54 debian kernel: BRK [0x13193b000, 0x13193bfff] PGTABLE
feb 02 09:19:54 debian kernel: BRK [0x13193c000, 0x13193cfff] PGTABLE
feb 02 09:19:54 debian kernel: BRK [0x13193d000, 0x13193dfff] PGTABLE
feb 02 09:19:54 debian kernel: BRK [0x13193e000, 0x13193efff] PGTABLE
feb 02 09:19:54 debian kernel: BRK [0x13193f000, 0x13193ffff] PGTABLE
feb 02 09:19:54 debian kernel: BRK [0x131940000, 0x131940fff] PGTABLE
feb 02 09:19:54 debian kernel: BRK [0x131941000, 0x131941fff] PGTABLE
feb 02 09:19:54 debian kernel: BRK [0x131942000, 0x131942fff] PGTABLE
feb 02 09:19:54 debian kernel: BRK [0x131943000, 0x131943fff] PGTABLE
feb 02 09:19:54 debian kernel: BRK [0x131944000, 0x131944fff] PGTABLE
feb 02 09:19:54 debian kernel: RAMDISK: [mem 0x357f9000-0x36bf3fff]
feb 02 09:19:54 debian kernel: ACPI: Early table checksum verification disabled
feb 02 09:19:54 debian kernel: ACPI: RSDP 0x00000000000F0490 000024 (v02 HPQOEM)
feb 02 09:19:54 debian kernel: ACPI: XSDT 0x000000009DB3D078 00006C (v01 HPQOEM SLIC-CPC 01072009 AMI  00010013)
feb 02 09:19:54 debian kernel: ACPI: FACP 0x000000009DB432D8 00010C (v05 HPQOEM SLIC-CPC 01072009 AMI  00010013)
feb 02 09:19:54 debian kernel: ACPI BIOS Warning (bug): Optional FADT field Pm2ControlBlock has valid Length but zero Address: 0x0000000000000000/0x1 (20160831/tbfadt-658)
feb 02 09:19:54 debian kernel: ACPI: DSDT 0x000000009DB3D170 006163 (v02 HPQOEM SLIC-CPC 00000000 INTL 20051117)
feb 02 09:19:54 debian kernel: ACPI: FACS 0x000000009DE82080 000040
feb 02 09:19:54 debian kernel: ACPI: APIC 0x000000009DB433E8 000072 (v03 HPQOEM SLIC-CPC 01072009 AMI  00010013)
feb 02 09:19:54 debian kernel: ACPI: FPDT 0x000000009DB43460 000044 (v01 HPQOEM SLIC-CPC 01072009 AMI  00010013)
feb 02 09:19:54 debian kernel: ACPI: MCFG 0x000000009DB434A8 00003C (v01 HPQOEM SLIC-CPC 01072009 MSFT 00010013)
feb 02 09:19:54 debian kernel: ACPI: MSDM 0x000000009DB434E8 000055 (v03 HPQOEM SLIC-CPC 01072009 AMI  00010013)
feb 02 09:19:54 debian kernel: ACPI: HPET 0x000000009DB43540 000038 (v01 HPQOEM SLIC-CPC 01072009 AMI  00000005)
feb 02 09:19:54 debian kernel: ACPI: SSDT 0x000000009DB43578 000D40 (v01 HPQOEM SLIC-CPC 00000001 AMD  00000001)
feb 02 09:19:54 debian kernel: ACPI: SSDT 0x000000009DB442B8 00051F (v02 HPQOEM SLIC-CPC 00000001 MSFT 04000000)
feb 02 09:19:54 debian kernel: ACPI: DBGP 0x000000009DB447D8 000034 (v01 HPQOEM SLIC-CPC 01072009 AMI  00010013)
feb 02 09:19:54 debian kernel: ACPI: Local APIC address 0xfee00000
feb 02 09:19:54 debian kernel: No NUMA configuration found
feb 02 09:19:54 debian kernel: Faking a node at [mem 0x0000000000000000-0x000000043effffff]
feb 02 09:19:54 debian kernel: NODE_DATA(0) allocated [mem 0x43eff9000-0x43effdfff]
feb 02 09:19:54 debian kernel: Zone ranges:
feb 02 09:19:54 debian kernel:   DMA      [mem 0x0000000000001000-0x0000000000ffffff]
feb 02 09:19:54 debian kernel:   DMA32    [mem 0x0000000001000000-0x00000000ffffffff]
feb 02 09:19:54 debian kernel:   Normal   [mem 0x0000000100000000-0x000000043effffff]
feb 02 09:19:54 debian kernel:   Device   empty
feb 02 09:19:54 debian kernel: Movable zone start for each node
feb 02 09:19:54 debian kernel: Early memory node ranges
feb 02 09:19:54 debian kernel:   node   0: [mem 0x0000000000001000-0x000000000009cfff]
feb 02 09:19:54 debian kernel:   node   0: [mem 0x0000000000100000-0x000000009d840fff]
feb 02 09:19:54 debian kernel:   node   0: [mem 0x000000009e63a000-0x000000009e63afff]
feb 02 09:19:54 debian kernel:   node   0: [mem 0x000000009e841000-0x000000009ec52fff]
feb 02 09:19:54 debian kernel:   node   0: [mem 0x000000009eff4000-0x000000009effffff]
feb 02 09:19:54 debian kernel:   node   0: [mem 0x0000000100001000-0x000000043effffff]
feb 02 09:19:54 debian kernel: Initmem setup node 0 [mem 0x0000000000001000-0x000000043effffff]
feb 02 09:19:54 debian kernel: On node 0 totalpages: 4049915
feb 02 09:19:54 debian kernel:   DMA zone: 64 pages used for memmap
feb 02 09:19:54 debian kernel:   DMA zone: 21 pages reserved
feb 02 09:19:54 debian kernel:   DMA zone: 3996 pages, LIFO batch:0
feb 02 09:19:54 debian kernel:   DMA32 zone: 10034 pages used for memmap
feb 02 09:19:54 debian kernel:   DMA32 zone: 642144 pages, LIFO batch:31
feb 02 09:19:54 debian kernel:   Normal zone: 53184 pages used for memmap
feb 02 09:19:54 debian kernel:   Normal zone: 3403775 pages, LIFO batch:31
feb 02 09:19:54 debian kernel: ACPI: PM-Timer IO Port: 0x808
feb 02 09:19:54 debian kernel: ACPI: Local APIC address 0xfee00000
feb 02 09:19:54 debian kernel: ACPI: LAPIC_NMI (acpi_id[0xff] high edge lint[0x1])
feb 02 09:19:54 debian kernel: IOAPIC[0]: apic_id 5, version 33, address 0xfec00000, GSI 0-23
feb 02 09:19:54 debian kernel: ACPI: INT_SRC_OVR (bus 0 bus_irq 0 global_irq 2 dfl dfl)
feb 02 09:19:54 debian kernel: ACPI: INT_SRC_OVR (bus 0 bus_irq 9 global_irq 9 low level)
feb 02 09:19:54 debian kernel: ACPI: IRQ0 used by override.
feb 02 09:19:54 debian kernel: ACPI: IRQ9 used by override.
feb 02 09:19:54 debian kernel: Using ACPI (MADT) for SMP configuration information
feb 02 09:19:54 debian kernel: ACPI: HPET id: 0x10228210 base: 0xfed00000
feb 02 09:19:54 debian kernel: smpboot: Allowing 4 CPUs, 0 hotplug CPUs
feb 02 09:19:54 debian kernel: PM: Registered nosave memory: [mem 0x00000000-0x00000fff]
feb 02 09:19:54 debian kernel: PM: Registered nosave memory: [mem 0x0009d000-0x0009dfff]
feb 02 09:19:54 debian kernel: PM: Registered nosave memory: [mem 0x0009e000-0x0009ffff]
feb 02 09:19:54 debian kernel: PM: Registered nosave memory: [mem 0x000a0000-0x000dffff]
feb 02 09:19:54 debian kernel: PM: Registered nosave memory: [mem 0x000e0000-0x000fffff]
feb 02 09:19:54 debian kernel: PM: Registered nosave memory: [mem 0x9d841000-0x9db3afff]
feb 02 09:19:54 debian kernel: PM: Registered nosave memory: [mem 0x9db3b000-0x9db44fff]
feb 02 09:19:54 debian kernel: PM: Registered nosave memory: [mem 0x9db45000-0x9de8afff]
feb 02 09:19:54 debian kernel: PM: Registered nosave memory: [mem 0x9de8b000-0x9e639fff]
feb 02 09:19:54 debian kernel: PM: Registered nosave memory: [mem 0x9e63b000-0x9e840fff]
feb 02 09:19:54 debian kernel: PM: Registered nosave memory: [mem 0x9ec53000-0x9eff3fff]
feb 02 09:19:54 debian kernel: PM: Registered nosave memory: [mem 0x9f000000-0xfebfffff]
feb 02 09:19:54 debian kernel: PM: Registered nosave memory: [mem 0xfec00000-0xfec00fff]
feb 02 09:19:54 debian kernel: PM: Registered nosave memory: [mem 0xfec01000-0xfec0ffff]
feb 02 09:19:54 debian kernel: PM: Registered nosave memory: [mem 0xfec10000-0xfec10fff]
feb 02 09:19:54 debian kernel: PM: Registered nosave memory: [mem 0xfec11000-0xfecfffff]
feb 02 09:19:54 debian kernel: PM: Registered nosave memory: [mem 0xfed00000-0xfed00fff]
feb 02 09:19:54 debian kernel: PM: Registered nosave memory: [mem 0xfed01000-0xfed7ffff]
feb 02 09:19:54 debian kernel: PM: Registered nosave memory: [mem 0xfed80000-0xfed8ffff]
feb 02 09:19:54 debian kernel: PM: Registered nosave memory: [mem 0xfed90000-0xfeffffff]
feb 02 09:19:54 debian kernel: PM: Registered nosave memory: [mem 0xff000000-0xffffffff]
feb 02 09:19:54 debian kernel: PM: Registered nosave memory: [mem 0x100000000-0x100000fff]
feb 02 09:19:54 debian kernel: e820: [mem 0x9f000000-0xfebfffff] available for PCI devices
feb 02 09:19:54 debian kernel: Booting paravirtualized kernel on bare hardware
feb 02 09:19:54 debian kernel: clocksource: refined-jiffies: mask: 0xffffffff max_cycles: 0xffffffff, max_idle_ns: 7645519600211568 ns
feb 02 09:19:54 debian kernel: setup_percpu: NR_CPUS:512 nr_cpumask_bits:512 nr_cpu_ids:4 nr_node_ids:1
feb 02 09:19:54 debian kernel: percpu: Embedded 35 pages/cpu @ffff89e33ec00000 s105304 r8192 d29864 u524288
feb 02 09:19:54 debian kernel: pcpu-alloc: s105304 r8192 d29864 u524288 alloc=1*2097152
feb 02 09:19:54 debian kernel: pcpu-alloc: [0] 0 1 2 3 
feb 02 09:19:54 debian kernel: Built 1 zonelists in Node order, mobility grouping on.  Total pages: 3986612
feb 02 09:19:54 debian kernel: Policy zone: Normal
feb 02 09:19:54 debian kernel: Kernel command line: BOOT_IMAGE=/boot/vmlinuz-4.9.0-8-amd64 root=UUID=3bbcc0d2-8f06-432b-988c-f2b5328f5781 ro quiet
feb 02 09:19:54 debian kernel: PID hash table entries: 4096 (order: 3, 32768 bytes)
feb 02 09:19:54 debian kernel: Calgary: detecting Calgary via BIOS EBDA area
feb 02 09:19:54 debian kernel: Calgary: Unable to locate Rio Grande table in EBDA - bailing!
feb 02 09:19:54 debian kernel: Memory: 15842916K/16199660K available (6267K kernel code, 1159K rwdata, 2872K rodata, 1420K init, 688K bss, 356744K reserved, 0K cma-reserved)
feb 02 09:19:54 debian kernel: Hierarchical RCU implementation.
feb 02 09:19:54 debian kernel:         Build-time adjustment of leaf fanout to 64.
feb 02 09:19:54 debian kernel:         RCU restricting CPUs from NR_CPUS=512 to nr_cpu_ids=4.
feb 02 09:19:54 debian kernel: RCU: Adjusting geometry for rcu_fanout_leaf=64, nr_cpu_ids=4
feb 02 09:19:54 debian kernel: NR_IRQS:33024 nr_irqs:456 16
feb 02 09:19:54 debian kernel: spurious 8259A interrupt: IRQ7.
feb 02 09:19:54 debian kernel: Console: colour VGA+ 80x25
feb 02 09:19:54 debian kernel: console [tty0] enabled
feb 02 09:19:54 debian kernel: clocksource: hpet: mask: 0xffffffff max_cycles: 0xffffffff, max_idle_ns: 133484873504 ns
feb 02 09:19:54 debian kernel: hpet clockevent registered
feb 02 09:19:54 debian kernel: tsc: Fast TSC calibration using PIT
feb 02 09:19:54 debian kernel: tsc: Detected 3194.395 MHz processor
feb 02 09:19:54 debian kernel: Calibrating delay loop (skipped), value calculated using timer frequency.. 6388.79 BogoMIPS (lpj=12777580)
feb 02 09:19:54 debian kernel: pid_max: default: 32768 minimum: 301
feb 02 09:19:54 debian kernel: ACPI: Core revision 20160831
feb 02 09:19:54 debian kernel: ACPI: 3 ACPI AML tables successfully acquired and loaded
feb 02 09:19:54 debian kernel: Security Framework initialized
feb 02 09:19:54 debian kernel: Yama: disabled by default; enable with sysctl kernel.yama.*
feb 02 09:19:54 debian kernel: AppArmor: AppArmor disabled by boot time parameter
feb 02 09:19:54 debian kernel: Dentry cache hash table entries: 2097152 (order: 12, 16777216 bytes)
feb 02 09:19:54 debian kernel: Inode-cache hash table entries: 1048576 (order: 11, 8388608 bytes)
feb 02 09:19:54 debian kernel: Mount-cache hash table entries: 32768 (order: 6, 262144 bytes)
feb 02 09:19:54 debian kernel: Mountpoint-cache hash table entries: 32768 (order: 6, 262144 bytes)
feb 02 09:19:54 debian kernel: mce: CPU supports 7 MCE banks
feb 02 09:19:54 debian kernel: Last level iTLB entries: 4KB 512, 2MB 1024, 4MB 512
feb 02 09:19:54 debian kernel: Last level dTLB entries: 4KB 1024, 2MB 1024, 4MB 512, 1GB 0
feb 02 09:19:54 debian kernel: Spectre V2 : Mitigation: Full AMD retpoline
feb 02 09:19:54 debian kernel: Spectre V2 : Spectre v2 / SpectreRSB mitigation: Filling RSB on context switch
feb 02 09:19:54 debian kernel: Speculative Store Bypass: Mitigation: Speculative Store Bypass disabled via prctl and seccomp
feb 02 09:19:54 debian kernel: Freeing SMP alternatives memory: 24K
feb 02 09:19:54 debian kernel: ftrace: allocating 25291 entries in 99 pages
feb 02 09:19:54 debian kernel: smpboot: Max logical packages: 1
feb 02 09:19:54 debian kernel: ..TIMER: vector=0x30 apic1=0 pin1=2 apic2=-1 pin2=-1
feb 02 09:19:54 debian kernel: smpboot: CPU0: AMD A8-5500 APU with Radeon(tm) HD Graphics (family: 0x15, model: 0x10, stepping: 0x1)
feb 02 09:19:54 debian kernel: Performance Events: Fam15h core perfctr, AMD PMU driver.
feb 02 09:19:54 debian kernel: ... version:                0
feb 02 09:19:54 debian kernel: ... bit width:              48
feb 02 09:19:54 debian kernel: ... generic registers:      6
feb 02 09:19:54 debian kernel: ... value mask:             0000ffffffffffff
feb 02 09:19:54 debian kernel: ... max period:             00007fffffffffff
feb 02 09:19:54 debian kernel: ... fixed-purpose events:   0
feb 02 09:19:54 debian kernel: ... event mask:             000000000000003f
feb 02 09:19:54 debian kernel: NMI watchdog: enabled on all CPUs, permanently consumes one hw-PMU counter.
feb 02 09:19:54 debian kernel: x86: Booting SMP configuration:
feb 02 09:19:54 debian kernel: .... node  #0, CPUs:      #1 #2 #3
feb 02 09:19:54 debian kernel: x86: Booted up 1 node, 4 CPUs
feb 02 09:19:54 debian kernel: smpboot: Total of 4 processors activated (25555.16 BogoMIPS)
feb 02 09:19:54 debian kernel: devtmpfs: initialized
feb 02 09:19:54 debian kernel: x86/mm: Memory block size: 128MB
feb 02 09:19:54 debian kernel: PM: Registering ACPI NVS region [mem 0x9db45000-0x9de8afff] (3432448 bytes)
feb 02 09:19:54 debian kernel: PM: Registering ACPI NVS region [mem 0x9e63b000-0x9e840fff] (2121728 bytes)
feb 02 09:19:54 debian kernel: clocksource: jiffies: mask: 0xffffffff max_cycles: 0xffffffff, max_idle_ns: 7645041785100000 ns
feb 02 09:19:54 debian kernel: futex hash table entries: 1024 (order: 4, 65536 bytes)
feb 02 09:19:54 debian kernel: pinctrl core: initialized pinctrl subsystem
feb 02 09:19:54 debian kernel: NET: Registered protocol family 16
feb 02 09:19:54 debian kernel: cpuidle: using governor ladder
feb 02 09:19:54 debian kernel: cpuidle: using governor menu
feb 02 09:19:54 debian kernel: ACPI: bus type PCI registered
feb 02 09:19:54 debian kernel: acpiphp: ACPI Hot Plug PCI Controller Driver version: 0.5
feb 02 09:19:54 debian kernel: PCI: MMCONFIG for domain 0000 [bus 00-ff] at [mem 0xe0000000-0xefffffff] (base 0xe0000000)
feb 02 09:19:54 debian kernel: PCI: not using MMCONFIG
feb 02 09:19:54 debian kernel: PCI: Using configuration type 1 for base access
feb 02 09:19:54 debian kernel: PCI: Using configuration type 1 for extended access
feb 02 09:19:54 debian kernel: mtrr: your CPUs had inconsistent variable MTRR settings
feb 02 09:19:54 debian kernel: mtrr: probably your BIOS does not setup all CPUs.
feb 02 09:19:54 debian kernel: mtrr: corrected configuration.
feb 02 09:19:54 debian kernel: HugeTLB registered 1 GB page size, pre-allocated 0 pages
feb 02 09:19:54 debian kernel: HugeTLB registered 2 MB page size, pre-allocated 0 pages
feb 02 09:19:54 debian kernel: ACPI: Added _OSI(Module Device)
feb 02 09:19:54 debian kernel: ACPI: Added _OSI(Processor Device)
feb 02 09:19:54 debian kernel: ACPI: Added _OSI(3.0 _SCP Extensions)
feb 02 09:19:54 debian kernel: ACPI: Added _OSI(Processor Aggregator Device)
feb 02 09:19:54 debian kernel: ACPI: Executed 1 blocks of module-level executable AML code
feb 02 09:19:54 debian kernel: ACPI: [Firmware Bug]: BIOS _OSI(Linux) query ignored
feb 02 09:19:54 debian kernel: ACPI: Interpreter enabled
feb 02 09:19:54 debian kernel: ACPI: (supports S0 S3 S4 S5)
feb 02 09:19:54 debian kernel: ACPI: Using IOAPIC for interrupt routing
feb 02 09:19:54 debian kernel: PCI: MMCONFIG for domain 0000 [bus 00-ff] at [mem 0xe0000000-0xefffffff] (base 0xe0000000)
feb 02 09:19:54 debian kernel: PCI: MMCONFIG at [mem 0xe0000000-0xefffffff] reserved in ACPI motherboard resources
feb 02 09:19:54 debian kernel: PCI: Using host bridge windows from ACPI; if necessary, use "pci=nocrs" and report a bug
feb 02 09:19:54 debian kernel: [Firmware Bug]: ACPI: No _BQC method, cannot determine initial brightness
feb 02 09:19:54 debian kernel: ACPI: PCI Root Bridge [PCI0] (domain 0000 [bus 00-ff])
feb 02 09:19:54 debian kernel: acpi PNP0A03:00: _OSC: OS supports [ExtendedConfig ASPM ClockPM Segments MSI]
feb 02 09:19:54 debian kernel: acpi PNP0A03:00: _OSC: platform does not support [PCIeHotplug]
feb 02 09:19:54 debian kernel: acpi PNP0A03:00: _OSC: OS now controls [PME AER PCIeCapability]
feb 02 09:19:54 debian kernel: PCI host bridge to bus 0000:00
feb 02 09:19:54 debian kernel: pci_bus 0000:00: root bus resource [io  0x0000-0x03af window]
feb 02 09:19:54 debian kernel: pci_bus 0000:00: root bus resource [io  0x03e0-0x0cf7 window]
feb 02 09:19:54 debian kernel: pci_bus 0000:00: root bus resource [io  0x03b0-0x03df window]
feb 02 09:19:54 debian kernel: pci_bus 0000:00: root bus resource [io  0x0d00-0xffff window]
feb 02 09:19:54 debian kernel: pci_bus 0000:00: root bus resource [mem 0x000a0000-0x000bffff window]
feb 02 09:19:54 debian kernel: pci_bus 0000:00: root bus resource [mem 0x000c0000-0x000dffff window]
feb 02 09:19:54 debian kernel: pci_bus 0000:00: root bus resource [mem 0xc0000000-0xffffffff window]
feb 02 09:19:54 debian kernel: pci_bus 0000:00: root bus resource [bus 00-ff]
feb 02 09:19:54 debian kernel: pci 0000:00:00.0: [1022:1410] type 00 class 0x060000
feb 02 09:19:54 debian kernel: pci 0000:00:01.0: [1002:9904] type 00 class 0x030000
feb 02 09:19:54 debian kernel: pci 0000:00:01.0: reg 0x10: [mem 0xc0000000-0xcfffffff pref]
feb 02 09:19:54 debian kernel: pci 0000:00:01.0: reg 0x14: [io  0xf000-0xf0ff]
feb 02 09:19:54 debian kernel: pci 0000:00:01.0: reg 0x18: [mem 0xfeb00000-0xfeb3ffff]
feb 02 09:19:54 debian kernel: pci 0000:00:01.0: supports D1 D2
feb 02 09:19:54 debian kernel: pci 0000:00:04.0: [1022:1414] type 01 class 0x060400
feb 02 09:19:54 debian kernel: pci 0000:00:04.0: PME# supported from D0 D3hot D3cold
feb 02 09:19:54 debian kernel: pci 0000:00:04.0: System wakeup disabled by ACPI
feb 02 09:19:54 debian kernel: pci 0000:00:07.0: [1022:1417] type 01 class 0x060400
feb 02 09:19:54 debian kernel: pci 0000:00:07.0: PME# supported from D0 D3hot D3cold
feb 02 09:19:54 debian kernel: pci 0000:00:10.0: [1022:7812] type 00 class 0x0c0330
feb 02 09:19:54 debian kernel: pci 0000:00:10.0: reg 0x10: [mem 0xfeb46000-0xfeb47fff 64bit]
feb 02 09:19:54 debian kernel: pci 0000:00:10.0: PME# supported from D0 D3hot D3cold
feb 02 09:19:54 debian kernel: pci 0000:00:10.0: System wakeup disabled by ACPI
feb 02 09:19:54 debian kernel: pci 0000:00:10.1: [1022:7812] type 00 class 0x0c0330
feb 02 09:19:54 debian kernel: pci 0000:00:10.1: reg 0x10: [mem 0xfeb44000-0xfeb45fff 64bit]
feb 02 09:19:54 debian kernel: pci 0000:00:10.1: PME# supported from D0 D3hot D3cold
feb 02 09:19:54 debian kernel: pci 0000:00:10.1: System wakeup disabled by ACPI
feb 02 09:19:54 debian kernel: pci 0000:00:11.0: [1022:7801] type 00 class 0x010601
feb 02 09:19:54 debian kernel: pci 0000:00:11.0: reg 0x10: [io  0xf140-0xf147]
feb 02 09:19:54 debian kernel: pci 0000:00:11.0: reg 0x14: [io  0xf130-0xf133]
feb 02 09:19:54 debian kernel: pci 0000:00:11.0: reg 0x18: [io  0xf120-0xf127]
feb 02 09:19:54 debian kernel: pci 0000:00:11.0: reg 0x1c: [io  0xf110-0xf113]
feb 02 09:19:54 debian kernel: pci 0000:00:11.0: reg 0x20: [io  0xf100-0xf10f]
feb 02 09:19:54 debian kernel: pci 0000:00:11.0: reg 0x24: [mem 0xfeb4d000-0xfeb4d7ff]
feb 02 09:19:54 debian kernel: pci 0000:00:12.0: [1022:7807] type 00 class 0x0c0310
feb 02 09:19:54 debian kernel: pci 0000:00:12.0: reg 0x10: [mem 0xfeb4c000-0xfeb4cfff]
feb 02 09:19:54 debian kernel: pci 0000:00:12.0: System wakeup disabled by ACPI
feb 02 09:19:54 debian kernel: pci 0000:00:12.2: [1022:7808] type 00 class 0x0c0320
feb 02 09:19:54 debian kernel: pci 0000:00:12.2: reg 0x10: [mem 0xfeb4b000-0xfeb4b0ff]
feb 02 09:19:54 debian kernel: pci 0000:00:12.2: supports D1 D2
feb 02 09:19:54 debian kernel: pci 0000:00:12.2: PME# supported from D0 D1 D2 D3hot
feb 02 09:19:54 debian kernel: pci 0000:00:12.2: System wakeup disabled by ACPI
feb 02 09:19:54 debian kernel: pci 0000:00:13.0: [1022:7807] type 00 class 0x0c0310
feb 02 09:19:54 debian kernel: pci 0000:00:13.0: reg 0x10: [mem 0xfeb4a000-0xfeb4afff]
feb 02 09:19:54 debian kernel: pci 0000:00:13.0: System wakeup disabled by ACPI
feb 02 09:19:54 debian kernel: pci 0000:00:13.2: [1022:7808] type 00 class 0x0c0320
feb 02 09:19:54 debian kernel: pci 0000:00:13.2: reg 0x10: [mem 0xfeb49000-0xfeb490ff]
feb 02 09:19:54 debian kernel: pci 0000:00:13.2: supports D1 D2
feb 02 09:19:54 debian kernel: pci 0000:00:13.2: PME# supported from D0 D1 D2 D3hot
feb 02 09:19:54 debian kernel: pci 0000:00:13.2: System wakeup disabled by ACPI
feb 02 09:19:54 debian kernel: pci 0000:00:14.0: [1022:780b] type 00 class 0x0c0500
feb 02 09:19:54 debian kernel: pci 0000:00:14.2: [1022:780d] type 00 class 0x040300
feb 02 09:19:54 debian kernel: pci 0000:00:14.2: reg 0x10: [mem 0xfeb40000-0xfeb43fff 64bit]
feb 02 09:19:54 debian kernel: pci 0000:00:14.2: PME# supported from D0 D3hot D3cold
feb 02 09:19:54 debian kernel: pci 0000:00:14.2: System wakeup disabled by ACPI
feb 02 09:19:54 debian kernel: pci 0000:00:14.3: [1022:780e] type 00 class 0x060100
feb 02 09:19:54 debian kernel: pci 0000:00:14.4: [1022:780f] type 01 class 0x060401
feb 02 09:19:54 debian kernel: pci 0000:00:14.4: System wakeup disabled by ACPI
feb 02 09:19:54 debian kernel: pci 0000:00:14.5: [1022:7809] type 00 class 0x0c0310
feb 02 09:19:54 debian kernel: pci 0000:00:14.5: reg 0x10: [mem 0xfeb48000-0xfeb48fff]
feb 02 09:19:54 debian kernel: pci 0000:00:14.5: System wakeup disabled by ACPI
feb 02 09:19:54 debian kernel: pci 0000:00:18.0: [1022:1400] type 00 class 0x060000
feb 02 09:19:54 debian kernel: pci 0000:00:18.1: [1022:1401] type 00 class 0x060000
feb 02 09:19:54 debian kernel: pci 0000:00:18.2: [1022:1402] type 00 class 0x060000
feb 02 09:19:54 debian kernel: pci 0000:00:18.3: [1022:1403] type 00 class 0x060000
feb 02 09:19:54 debian kernel: pci 0000:00:18.4: [1022:1404] type 00 class 0x060000
feb 02 09:19:54 debian kernel: pci 0000:00:18.5: [1022:1405] type 00 class 0x060000
feb 02 09:19:54 debian kernel: pci 0000:01:00.0: [10ec:8168] type 00 class 0x020000
feb 02 09:19:54 debian kernel: pci 0000:01:00.0: reg 0x10: [io  0xe000-0xe0ff]
feb 02 09:19:54 debian kernel: pci 0000:01:00.0: reg 0x18: [mem 0xd0004000-0xd0004fff 64bit pref]
feb 02 09:19:54 debian kernel: pci 0000:01:00.0: reg 0x20: [mem 0xd0000000-0xd0003fff 64bit pref]
feb 02 09:19:54 debian kernel: pci 0000:01:00.0: supports D1 D2
feb 02 09:19:54 debian kernel: pci 0000:01:00.0: PME# supported from D0 D1 D2 D3hot D3cold
feb 02 09:19:54 debian kernel: pci 0000:00:04.0: PCI bridge to [bus 01]
feb 02 09:19:54 debian kernel: pci 0000:00:04.0:   bridge window [io  0xe000-0xefff]
feb 02 09:19:54 debian kernel: pci 0000:00:04.0:   bridge window [mem 0xd0000000-0xd00fffff 64bit pref]
feb 02 09:19:54 debian kernel: pci 0000:02:00.0: [10ec:5209] type 00 class 0xff0000
feb 02 09:19:54 debian kernel: pci 0000:02:00.0: reg 0x10: [mem 0xfea01000-0xfea01fff]
feb 02 09:19:54 debian kernel: pci 0000:02:00.0: supports D1 D2
feb 02 09:19:54 debian kernel: pci 0000:02:00.0: PME# supported from D1 D2 D3hot
feb 02 09:19:54 debian kernel: pci 0000:00:07.0: PCI bridge to [bus 02]
feb 02 09:19:54 debian kernel: pci 0000:00:07.0:   bridge window [mem 0xfea00000-0xfeafffff]
feb 02 09:19:54 debian kernel: pci 0000:00:14.4: PCI bridge to [bus 03] (subtractive decode)
feb 02 09:19:54 debian kernel: pci 0000:00:14.4:   bridge window [io  0x0000-0x03af window] (subtractive decode)
feb 02 09:19:54 debian kernel: pci 0000:00:14.4:   bridge window [io  0x03e0-0x0cf7 window] (subtractive decode)
feb 02 09:19:54 debian kernel: pci 0000:00:14.4:   bridge window [io  0x03b0-0x03df window] (subtractive decode)
feb 02 09:19:54 debian kernel: pci 0000:00:14.4:   bridge window [io  0x0d00-0xffff window] (subtractive decode)
feb 02 09:19:54 debian kernel: pci 0000:00:14.4:   bridge window [mem 0x000a0000-0x000bffff window] (subtractive decode)
feb 02 09:19:54 debian kernel: pci 0000:00:14.4:   bridge window [mem 0x000c0000-0x000dffff window] (subtractive decode)
feb 02 09:19:54 debian kernel: pci 0000:00:14.4:   bridge window [mem 0xc0000000-0xffffffff window] (subtractive decode)
feb 02 09:19:54 debian kernel: ACPI: PCI Interrupt Link [LNKA] (IRQs 4 5 7 10 11 14 15) *0
feb 02 09:19:54 debian kernel: ACPI: PCI Interrupt Link [LNKB] (IRQs 4 5 7 10 11 14 15) *0
feb 02 09:19:54 debian kernel: ACPI: PCI Interrupt Link [LNKC] (IRQs 4 5 7 10 11 14 15) *0
feb 02 09:19:54 debian kernel: ACPI: PCI Interrupt Link [LNKD] (IRQs 4 5 7 10 11 14 15) *0
feb 02 09:19:54 debian kernel: ACPI: PCI Interrupt Link [LNKE] (IRQs 4 5 7 10 11 14 15) *0
feb 02 09:19:54 debian kernel: ACPI: PCI Interrupt Link [LNKF] (IRQs 4 5 7 10 11 14 15) *0
feb 02 09:19:54 debian kernel: ACPI: PCI Interrupt Link [LNKG] (IRQs 4 5 7 10 11 14 15) *0
feb 02 09:19:54 debian kernel: ACPI: PCI Interrupt Link [LNKH] (IRQs 4 5 7 10 11 14 15) *0
feb 02 09:19:54 debian kernel: vgaarb: setting as boot device: PCI:0000:00:01.0
feb 02 09:19:54 debian kernel: vgaarb: device added: PCI:0000:00:01.0,decodes=io+mem,owns=io+mem,locks=none
feb 02 09:19:54 debian kernel: vgaarb: loaded
feb 02 09:19:54 debian kernel: vgaarb: bridge control possible 0000:00:01.0
feb 02 09:19:54 debian kernel: PCI: Using ACPI for IRQ routing
feb 02 09:19:54 debian kernel: PCI: pci_cache_line_size set to 64 bytes
feb 02 09:19:54 debian kernel: e820: reserve RAM buffer [mem 0x0009d800-0x0009ffff]
feb 02 09:19:54 debian kernel: e820: reserve RAM buffer [mem 0x9d841000-0x9fffffff]
feb 02 09:19:54 debian kernel: e820: reserve RAM buffer [mem 0x9e63b000-0x9fffffff]
feb 02 09:19:54 debian kernel: e820: reserve RAM buffer [mem 0x9ec53000-0x9fffffff]
feb 02 09:19:54 debian kernel: e820: reserve RAM buffer [mem 0x9f000000-0x9fffffff]
feb 02 09:19:54 debian kernel: e820: reserve RAM buffer [mem 0x43f000000-0x43fffffff]
feb 02 09:19:54 debian kernel: hpet0: at MMIO 0xfed00000, IRQs 2, 8, 0
feb 02 09:19:54 debian kernel: hpet0: 3 comparators, 32-bit 14.318180 MHz counter
feb 02 09:19:54 debian kernel: clocksource: Switched to clocksource hpet
feb 02 09:19:54 debian kernel: VFS: Disk quotas dquot_6.6.0
feb 02 09:19:54 debian kernel: VFS: Dquot-cache hash table entries: 512 (order 0, 4096 bytes)
feb 02 09:19:54 debian kernel: pnp: PnP ACPI init
feb 02 09:19:54 debian kernel: system 00:00: [mem 0xe0000000-0xefffffff] has been reserved
feb 02 09:19:54 debian kernel: system 00:00: Plug and Play ACPI device, IDs PNP0c01 (active)
feb 02 09:19:54 debian kernel: system 00:01: [io  0x04d0-0x04d1] has been reserved
feb 02 09:19:54 debian kernel: system 00:01: [io  0x040b] has been reserved
feb 02 09:19:54 debian kernel: system 00:01: [io  0x04d6] has been reserved
feb 02 09:19:54 debian kernel: system 00:01: [io  0x0c00-0x0c01] has been reserved
feb 02 09:19:54 debian kernel: system 00:01: [io  0x0c14] has been reserved
feb 02 09:19:54 debian kernel: system 00:01: [io  0x0c50-0x0c51] has been reserved
feb 02 09:19:54 debian kernel: system 00:01: [io  0x0c52] has been reserved
feb 02 09:19:54 debian kernel: system 00:01: [io  0x0c6c] has been reserved
feb 02 09:19:54 debian kernel: system 00:01: [io  0x0c6f] has been reserved
feb 02 09:19:54 debian kernel: system 00:01: [io  0x0cd0-0x0cd1] has been reserved
feb 02 09:19:54 debian kernel: system 00:01: [io  0x0cd2-0x0cd3] has been reserved
feb 02 09:19:54 debian kernel: system 00:01: [io  0x0cd4-0x0cd5] has been reserved
feb 02 09:19:54 debian kernel: system 00:01: [io  0x0cd6-0x0cd7] has been reserved
feb 02 09:19:54 debian kernel: system 00:01: [io  0x0cd8-0x0cdf] has been reserved
feb 02 09:19:54 debian kernel: system 00:01: [io  0x0800-0x089f] has been reserved
feb 02 09:19:54 debian kernel: system 00:01: [io  0x0b20-0x0b3f] has been reserved
feb 02 09:19:54 debian kernel: system 00:01: [io  0x0900-0x090f] has been reserved
feb 02 09:19:54 debian kernel: system 00:01: [io  0x0910-0x091f] has been reserved
feb 02 09:19:54 debian kernel: system 00:01: [io  0xfe00-0xfefe] has been reserved
feb 02 09:19:54 debian kernel: system 00:01: [mem 0xfec00000-0xfec00fff] could not be reserved
feb 02 09:19:54 debian kernel: system 00:01: [mem 0xfee00000-0xfee00fff] has been reserved
feb 02 09:19:54 debian kernel: system 00:01: [mem 0xfed80000-0xfed8ffff] has been reserved
feb 02 09:19:54 debian kernel: system 00:01: [mem 0xfed61000-0xfed70fff] has been reserved
feb 02 09:19:54 debian kernel: system 00:01: [mem 0xfec10000-0xfec10fff] has been reserved
feb 02 09:19:54 debian kernel: system 00:01: [mem 0xfed00000-0xfed00fff] could not be reserved
feb 02 09:19:54 debian kernel: system 00:01: [mem 0xff000000-0xffffffff] has been reserved
feb 02 09:19:54 debian kernel: system 00:01: Plug and Play ACPI device, IDs PNP0c02 (active)
feb 02 09:19:54 debian kernel: system 00:02: [io  0x0a00-0x0a1f] has been reserved
feb 02 09:19:54 debian kernel: system 00:02: [io  0x0280-0x028f] has been reserved
feb 02 09:19:54 debian kernel: system 00:02: Plug and Play ACPI device, IDs PNP0c02 (active)
feb 02 09:19:54 debian kernel: pnp 00:03: Plug and Play ACPI device, IDs PNP0b00 (active)
feb 02 09:19:54 debian kernel: system 00:04: [io  0x04d0-0x04d1] has been reserved
feb 02 09:19:54 debian kernel: system 00:04: Plug and Play ACPI device, IDs PNP0c02 (active)
feb 02 09:19:54 debian kernel: system 00:05: Plug and Play ACPI device, IDs PNP0c02 (active)
feb 02 09:19:54 debian kernel: system 00:06: [mem 0xa0000000-0xbfffffff] has been reserved
feb 02 09:19:54 debian kernel: system 00:06: Plug and Play ACPI device, IDs PNP0c02 (active)
feb 02 09:19:54 debian kernel: pnp: PnP ACPI: found 7 devices
feb 02 09:19:54 debian kernel: clocksource: acpi_pm: mask: 0xffffff max_cycles: 0xffffff, max_idle_ns: 2085701024 ns
feb 02 09:19:54 debian kernel: pci 0000:00:04.0: PCI bridge to [bus 01]
feb 02 09:19:54 debian kernel: pci 0000:00:04.0:   bridge window [io  0xe000-0xefff]
feb 02 09:19:54 debian kernel: pci 0000:00:04.0:   bridge window [mem 0xd0000000-0xd00fffff 64bit pref]
feb 02 09:19:54 debian kernel: pci 0000:00:07.0: PCI bridge to [bus 02]
feb 02 09:19:54 debian kernel: pci 0000:00:07.0:   bridge window [mem 0xfea00000-0xfeafffff]
feb 02 09:19:54 debian kernel: pci 0000:00:14.4: PCI bridge to [bus 03]
feb 02 09:19:54 debian kernel: pci_bus 0000:00: resource 4 [io  0x0000-0x03af window]
feb 02 09:19:54 debian kernel: pci_bus 0000:00: resource 5 [io  0x03e0-0x0cf7 window]
feb 02 09:19:54 debian kernel: pci_bus 0000:00: resource 6 [io  0x03b0-0x03df window]
feb 02 09:19:54 debian kernel: pci_bus 0000:00: resource 7 [io  0x0d00-0xffff window]
feb 02 09:19:54 debian kernel: pci_bus 0000:00: resource 8 [mem 0x000a0000-0x000bffff window]
feb 02 09:19:54 debian kernel: pci_bus 0000:00: resource 9 [mem 0x000c0000-0x000dffff window]
feb 02 09:19:54 debian kernel: pci_bus 0000:00: resource 10 [mem 0xc0000000-0xffffffff window]
feb 02 09:19:54 debian kernel: pci_bus 0000:01: resource 0 [io  0xe000-0xefff]
feb 02 09:19:54 debian kernel: pci_bus 0000:01: resource 2 [mem 0xd0000000-0xd00fffff 64bit pref]
feb 02 09:19:54 debian kernel: pci_bus 0000:02: resource 1 [mem 0xfea00000-0xfeafffff]
feb 02 09:19:54 debian kernel: pci_bus 0000:03: resource 4 [io  0x0000-0x03af window]
feb 02 09:19:54 debian kernel: pci_bus 0000:03: resource 5 [io  0x03e0-0x0cf7 window]
feb 02 09:19:54 debian kernel: pci_bus 0000:03: resource 6 [io  0x03b0-0x03df window]
feb 02 09:19:54 debian kernel: pci_bus 0000:03: resource 7 [io  0x0d00-0xffff window]
feb 02 09:19:54 debian kernel: pci_bus 0000:03: resource 8 [mem 0x000a0000-0x000bffff window]
feb 02 09:19:54 debian kernel: pci_bus 0000:03: resource 9 [mem 0x000c0000-0x000dffff window]
feb 02 09:19:54 debian kernel: pci_bus 0000:03: resource 10 [mem 0xc0000000-0xffffffff window]
feb 02 09:19:54 debian kernel: NET: Registered protocol family 2
feb 02 09:19:54 debian kernel: TCP established hash table entries: 131072 (order: 8, 1048576 bytes)
feb 02 09:19:54 debian kernel: TCP bind hash table entries: 65536 (order: 8, 1048576 bytes)
feb 02 09:19:54 debian kernel: TCP: Hash tables configured (established 131072 bind 65536)
feb 02 09:19:54 debian kernel: UDP hash table entries: 8192 (order: 6, 262144 bytes)
feb 02 09:19:54 debian kernel: UDP-Lite hash table entries: 8192 (order: 6, 262144 bytes)
feb 02 09:19:54 debian kernel: NET: Registered protocol family 1
feb 02 09:19:54 debian kernel: pci 0000:00:01.0: Video device with shadowed ROM at [mem 0x000c0000-0x000dffff]
feb 02 09:19:54 debian kernel: PCI: CLS 64 bytes, default 64
feb 02 09:19:54 debian kernel: Unpacking initramfs...
feb 02 09:19:54 debian kernel: Freeing initrd memory: 20460K
feb 02 09:19:54 debian kernel: PCI-DMA: Using software bounce buffering for IO (SWIOTLB)
feb 02 09:19:54 debian kernel: software IO TLB [mem 0x99841000-0x9d841000] (64MB) mapped at [ffff89df99841000-ffff89df9d840fff]
feb 02 09:19:54 debian kernel: perf: AMD NB counters detected
feb 02 09:19:54 debian kernel: LVT offset 0 assigned for vector 0x400
feb 02 09:19:54 debian kernel: perf: AMD IBS detected (0x000000ff)
feb 02 09:19:54 debian kernel: audit: initializing netlink subsys (disabled)
feb 02 09:19:54 debian kernel: audit: type=2000 audit(1549117187.936:1): initialized
feb 02 09:19:54 debian kernel: workingset: timestamp_bits=40 max_order=22 bucket_order=0
feb 02 09:19:54 debian kernel: zbud: loaded
feb 02 09:19:54 debian kernel: Block layer SCSI generic (bsg) driver version 0.4 loaded (major 250)
feb 02 09:19:54 debian kernel: io scheduler noop registered
feb 02 09:19:54 debian kernel: io scheduler deadline registered
feb 02 09:19:54 debian kernel: io scheduler cfq registered (default)
feb 02 09:19:54 debian kernel: pcieport 0000:00:04.0: Signaling PME through PCIe PME interrupt
feb 02 09:19:54 debian kernel: pci 0000:01:00.0: Signaling PME through PCIe PME interrupt
feb 02 09:19:54 debian kernel: pcie_pme 0000:00:04.0:pcie001: service driver pcie_pme loaded
feb 02 09:19:54 debian kernel: pcieport 0000:00:07.0: Signaling PME through PCIe PME interrupt
feb 02 09:19:54 debian kernel: pci 0000:02:00.0: Signaling PME through PCIe PME interrupt
feb 02 09:19:54 debian kernel: pcie_pme 0000:00:07.0:pcie001: service driver pcie_pme loaded
feb 02 09:19:54 debian kernel: pci_hotplug: PCI Hot Plug PCI Core version: 0.5
feb 02 09:19:54 debian kernel: pciehp: PCI Express Hot Plug Controller Driver version: 0.4
feb 02 09:19:54 debian kernel: GHES: HEST is not enabled!
feb 02 09:19:54 debian kernel: Serial: 8250/16550 driver, 4 ports, IRQ sharing enabled
feb 02 09:19:54 debian kernel: Linux agpgart interface v0.103
feb 02 09:19:54 debian kernel: AMD IOMMUv2 driver by Joerg Roedel <jroedel@suse.de>
feb 02 09:19:54 debian kernel: AMD IOMMUv2 functionality not available on this system
feb 02 09:19:54 debian kernel: i8042: PNP: No PS/2 controller found. Probing ports directly.
feb 02 09:19:54 debian kernel: tsc: Refined TSC clocksource calibration: 3194.192 MHz
feb 02 09:19:54 debian kernel: clocksource: tsc: mask: 0xffffffffffffffff max_cycles: 0x2e0adb7ef10, max_idle_ns: 440795275183 ns
feb 02 09:19:54 debian kernel: i8042: No controller found
feb 02 09:19:54 debian kernel: mousedev: PS/2 mouse device common for all mice
feb 02 09:19:54 debian kernel: rtc_cmos 00:03: RTC can wake from S4
feb 02 09:19:54 debian kernel: rtc_cmos 00:03: rtc core: registered rtc_cmos as rtc0
feb 02 09:19:54 debian kernel: rtc_cmos 00:03: alarms up to one month, y3k, 114 bytes nvram, hpet irqs
feb 02 09:19:54 debian kernel: ledtrig-cpu: registered to indicate activity on CPUs
feb 02 09:19:54 debian kernel: NET: Registered protocol family 10
feb 02 09:19:54 debian kernel: mip6: Mobile IPv6
feb 02 09:19:54 debian kernel: NET: Registered protocol family 17
feb 02 09:19:54 debian kernel: mpls_gso: MPLS GSO support
feb 02 09:19:54 debian kernel: microcode: microcode updated early to new patch_level=0x06001119
feb 02 09:19:54 debian kernel: microcode: CPU0: patch_level=0x06001119
feb 02 09:19:54 debian kernel: microcode: CPU1: patch_level=0x06001119
feb 02 09:19:54 debian kernel: microcode: CPU2: patch_level=0x06001119
feb 02 09:19:54 debian kernel: microcode: CPU3: patch_level=0x06001119
feb 02 09:19:54 debian kernel: microcode: Microcode Update Driver: v2.01 <tigran@aivazian.fsnet.co.uk>, Peter Oruba
feb 02 09:19:54 debian kernel: registered taskstats version 1
feb 02 09:19:54 debian kernel: zswap: loaded using pool lzo/zbud
feb 02 09:19:54 debian kernel: ima: No TPM chip found, activating TPM-bypass!
feb 02 09:19:54 debian kernel: ima: Allocated hash algorithm: sha256
feb 02 09:19:54 debian kernel: rtc_cmos 00:03: setting system clock to 2019-02-02 14:19:49 UTC (1549117189)
feb 02 09:19:54 debian kernel: PM: Hibernation image not present or could not be loaded.
feb 02 09:19:54 debian kernel: Freeing unused kernel memory: 1420K
feb 02 09:19:54 debian kernel: Write protecting the kernel read-only data: 12288k
feb 02 09:19:54 debian kernel: Freeing unused kernel memory: 1908K
feb 02 09:19:54 debian kernel: Freeing unused kernel memory: 1224K
feb 02 09:19:54 debian kernel: x86/mm: Checked W+X mappings: passed, no W+X pages found.
feb 02 09:19:54 debian kernel: random: systemd-udevd: uninitialized urandom read (16 bytes read)
feb 02 09:19:54 debian kernel: random: systemd-udevd: uninitialized urandom read (16 bytes read)
feb 02 09:19:54 debian kernel: random: systemd-udevd: uninitialized urandom read (16 bytes read)
feb 02 09:19:54 debian kernel: r8169 Gigabit Ethernet driver 2.3LK-NAPI loaded
feb 02 09:19:54 debian kernel: rtsx_pci 0000:02:00.0: rtsx_pci_acquire_irq: pcr->msi_en = 1, pci->irq = 26
feb 02 09:19:54 debian kernel: r8169 0000:01:00.0 eth0: RTL8168evl/8111evl at 0xffffa7ab018a9000, 4c:72:b9:e7:ae:cd, XID 0c900800 IRQ 27
feb 02 09:19:54 debian kernel: r8169 0000:01:00.0 eth0: jumbo features [frames: 9200 bytes, tx checksumming: ko]
feb 02 09:19:54 debian kernel: ACPI: bus type USB registered
feb 02 09:19:54 debian kernel: usbcore: registered new interface driver usbfs
feb 02 09:19:54 debian kernel: usbcore: registered new interface driver hub
feb 02 09:19:54 debian kernel: usbcore: registered new device driver usb
feb 02 09:19:54 debian kernel: piix4_smbus 0000:00:14.0: SMBus Host Controller at 0xb00, revision 0
feb 02 09:19:54 debian kernel: piix4_smbus 0000:00:14.0: Using register 0x2e for SMBus port selection
feb 02 09:19:54 debian kernel: ehci_hcd: USB 2.0 'Enhanced' Host Controller (EHCI) Driver
feb 02 09:19:54 debian kernel: piix4_smbus 0000:00:14.0: Auxiliary SMBus Host Controller at 0xb20
feb 02 09:19:54 debian kernel: ehci-pci: EHCI PCI platform driver
feb 02 09:19:54 debian kernel: ohci_hcd: USB 1.1 'Open' Host Controller (OHCI) Driver
feb 02 09:19:54 debian kernel: QUIRK: Enable AMD PLL fix
feb 02 09:19:54 debian kernel: ehci-pci 0000:00:12.2: EHCI Host Controller
feb 02 09:19:54 debian kernel: ehci-pci 0000:00:12.2: new USB bus registered, assigned bus number 1
feb 02 09:19:54 debian kernel: ehci-pci 0000:00:12.2: applying AMD SB700/SB800/Hudson-2/3 EHCI dummy qh workaround
feb 02 09:19:54 debian kernel: ehci-pci 0000:00:12.2: debug port 1
feb 02 09:19:54 debian kernel: ehci-pci 0000:00:12.2: irq 17, io mem 0xfeb4b000
feb 02 09:19:54 debian kernel: SCSI subsystem initialized
feb 02 09:19:54 debian kernel: libata version 3.00 loaded.
feb 02 09:19:54 debian kernel: ehci-pci 0000:00:12.2: USB 2.0 started, EHCI 1.00
feb 02 09:19:54 debian kernel: usb usb1: New USB device found, idVendor=1d6b, idProduct=0002
feb 02 09:19:54 debian kernel: usb usb1: New USB device strings: Mfr=3, Product=2, SerialNumber=1
feb 02 09:19:54 debian kernel: usb usb1: Product: EHCI Host Controller
feb 02 09:19:54 debian kernel: usb usb1: Manufacturer: Linux 4.9.0-8-amd64 ehci_hcd
feb 02 09:19:54 debian kernel: usb usb1: SerialNumber: 0000:00:12.2
feb 02 09:19:54 debian kernel: hub 1-0:1.0: USB hub found
feb 02 09:19:54 debian kernel: hub 1-0:1.0: 5 ports detected
feb 02 09:19:54 debian kernel: AVX version of gcm_enc/dec engaged.
feb 02 09:19:54 debian kernel: AES CTR mode by8 optimization enabled
feb 02 09:19:54 debian kernel: ehci-pci 0000:00:13.2: EHCI Host Controller
feb 02 09:19:54 debian kernel: ehci-pci 0000:00:13.2: new USB bus registered, assigned bus number 2
feb 02 09:19:54 debian kernel: ehci-pci 0000:00:13.2: applying AMD SB700/SB800/Hudson-2/3 EHCI dummy qh workaround
feb 02 09:19:54 debian kernel: ehci-pci 0000:00:13.2: debug port 1
feb 02 09:19:54 debian kernel: ehci-pci 0000:00:13.2: irq 17, io mem 0xfeb49000
feb 02 09:19:54 debian kernel: ehci-pci 0000:00:13.2: USB 2.0 started, EHCI 1.00
feb 02 09:19:54 debian kernel: usb usb2: New USB device found, idVendor=1d6b, idProduct=0002
feb 02 09:19:54 debian kernel: usb usb2: New USB device strings: Mfr=3, Product=2, SerialNumber=1
feb 02 09:19:54 debian kernel: usb usb2: Product: EHCI Host Controller
feb 02 09:19:54 debian kernel: usb usb2: Manufacturer: Linux 4.9.0-8-amd64 ehci_hcd
feb 02 09:19:54 debian kernel: usb usb2: SerialNumber: 0000:00:13.2
feb 02 09:19:54 debian kernel: hub 2-0:1.0: USB hub found
feb 02 09:19:54 debian kernel: hub 2-0:1.0: 5 ports detected
feb 02 09:19:54 debian kernel: xhci_hcd 0000:00:10.0: xHCI Host Controller
feb 02 09:19:54 debian kernel: xhci_hcd 0000:00:10.0: new USB bus registered, assigned bus number 3
feb 02 09:19:54 debian kernel: ohci-pci: OHCI PCI platform driver
feb 02 09:19:54 debian kernel: xhci_hcd 0000:00:10.0: hcc params 0x014042c3 hci version 0x96 quirks 0x00000608
feb 02 09:19:54 debian kernel: usb usb3: New USB device found, idVendor=1d6b, idProduct=0002
feb 02 09:19:54 debian kernel: usb usb3: New USB device strings: Mfr=3, Product=2, SerialNumber=1
feb 02 09:19:54 debian kernel: usb usb3: Product: xHCI Host Controller
feb 02 09:19:54 debian kernel: usb usb3: Manufacturer: Linux 4.9.0-8-amd64 xhci-hcd
feb 02 09:19:54 debian kernel: usb usb3: SerialNumber: 0000:00:10.0
feb 02 09:19:54 debian kernel: hub 3-0:1.0: USB hub found
feb 02 09:19:54 debian kernel: hub 3-0:1.0: 2 ports detected
feb 02 09:19:54 debian kernel: xhci_hcd 0000:00:10.0: xHCI Host Controller
feb 02 09:19:54 debian kernel: xhci_hcd 0000:00:10.0: new USB bus registered, assigned bus number 4
feb 02 09:19:54 debian kernel: usb usb4: We don't know the algorithms for LPM for this host, disabling LPM.
feb 02 09:19:54 debian kernel: usb usb4: New USB device found, idVendor=1d6b, idProduct=0003
feb 02 09:19:54 debian kernel: usb usb4: New USB device strings: Mfr=3, Product=2, SerialNumber=1
feb 02 09:19:54 debian kernel: usb usb4: Product: xHCI Host Controller
feb 02 09:19:54 debian kernel: usb usb4: Manufacturer: Linux 4.9.0-8-amd64 xhci-hcd
feb 02 09:19:54 debian kernel: usb usb4: SerialNumber: 0000:00:10.0
feb 02 09:19:54 debian kernel: hub 4-0:1.0: USB hub found
feb 02 09:19:54 debian kernel: hub 4-0:1.0: 2 ports detected
feb 02 09:19:54 debian kernel: xhci_hcd 0000:00:10.1: xHCI Host Controller
feb 02 09:19:54 debian kernel: xhci_hcd 0000:00:10.1: new USB bus registered, assigned bus number 5
feb 02 09:19:54 debian kernel: xhci_hcd 0000:00:10.1: hcc params 0x014042c3 hci version 0x96 quirks 0x00000608
feb 02 09:19:54 debian kernel: usb usb5: New USB device found, idVendor=1d6b, idProduct=0002
feb 02 09:19:54 debian kernel: usb usb5: New USB device strings: Mfr=3, Product=2, SerialNumber=1
feb 02 09:19:54 debian kernel: usb usb5: Product: xHCI Host Controller
feb 02 09:19:54 debian kernel: usb usb5: Manufacturer: Linux 4.9.0-8-amd64 xhci-hcd
feb 02 09:19:54 debian kernel: usb usb5: SerialNumber: 0000:00:10.1
feb 02 09:19:54 debian kernel: hub 5-0:1.0: USB hub found
feb 02 09:19:54 debian kernel: hub 5-0:1.0: 2 ports detected
feb 02 09:19:54 debian kernel: xhci_hcd 0000:00:10.1: xHCI Host Controller
feb 02 09:19:54 debian kernel: xhci_hcd 0000:00:10.1: new USB bus registered, assigned bus number 6
feb 02 09:19:54 debian kernel: usb usb6: We don't know the algorithms for LPM for this host, disabling LPM.
feb 02 09:19:54 debian kernel: usb usb6: New USB device found, idVendor=1d6b, idProduct=0003
feb 02 09:19:54 debian kernel: usb usb6: New USB device strings: Mfr=3, Product=2, SerialNumber=1
feb 02 09:19:54 debian kernel: usb usb6: Product: xHCI Host Controller
feb 02 09:19:54 debian kernel: usb usb6: Manufacturer: Linux 4.9.0-8-amd64 xhci-hcd
feb 02 09:19:54 debian kernel: usb usb6: SerialNumber: 0000:00:10.1
feb 02 09:19:54 debian kernel: hub 6-0:1.0: USB hub found
feb 02 09:19:54 debian kernel: hub 6-0:1.0: 2 ports detected
feb 02 09:19:54 debian kernel: ahci 0000:00:11.0: version 3.0
feb 02 09:19:54 debian kernel: ahci 0000:00:11.0: AHCI 0001.0300 32 slots 3 ports 6 Gbps 0x23 impl SATA mode
feb 02 09:19:54 debian kernel: ahci 0000:00:11.0: flags: 64bit ncq sntf ilck pm led clo pmp pio slum part sxs 
feb 02 09:19:54 debian kernel: scsi host0: ahci
feb 02 09:19:54 debian kernel: scsi host1: ahci
feb 02 09:19:54 debian kernel: scsi host2: ahci
feb 02 09:19:54 debian kernel: scsi host3: ahci
feb 02 09:19:54 debian kernel: scsi host4: ahci
feb 02 09:19:54 debian kernel: scsi host5: ahci
feb 02 09:19:54 debian kernel: ata1: SATA max UDMA/133 abar m2048@0xfeb4d000 port 0xfeb4d100 irq 38
feb 02 09:19:54 debian kernel: ata2: SATA max UDMA/133 abar m2048@0xfeb4d000 port 0xfeb4d180 irq 38
feb 02 09:19:54 debian kernel: ata3: DUMMY
feb 02 09:19:54 debian kernel: ata4: DUMMY
feb 02 09:19:54 debian kernel: ata5: DUMMY
feb 02 09:19:54 debian kernel: ata6: SATA max UDMA/133 abar m2048@0xfeb4d000 port 0xfeb4d380 irq 38
feb 02 09:19:54 debian kernel: ohci-pci 0000:00:12.0: OHCI PCI host controller
feb 02 09:19:54 debian kernel: ohci-pci 0000:00:12.0: new USB bus registered, assigned bus number 7
feb 02 09:19:54 debian kernel: ohci-pci 0000:00:12.0: irq 18, io mem 0xfeb4c000
feb 02 09:19:54 debian kernel: r8169 0000:01:00.0 enp1s0: renamed from eth0
feb 02 09:19:54 debian kernel: usb usb7: New USB device found, idVendor=1d6b, idProduct=0001
feb 02 09:19:54 debian kernel: usb usb7: New USB device strings: Mfr=3, Product=2, SerialNumber=1
feb 02 09:19:54 debian kernel: usb usb7: Product: OHCI PCI host controller
feb 02 09:19:54 debian kernel: usb usb7: Manufacturer: Linux 4.9.0-8-amd64 ohci_hcd
feb 02 09:19:54 debian kernel: usb usb7: SerialNumber: 0000:00:12.0
feb 02 09:19:54 debian kernel: hub 7-0:1.0: USB hub found
feb 02 09:19:54 debian kernel: hub 7-0:1.0: 5 ports detected
feb 02 09:19:54 debian kernel: ohci-pci 0000:00:13.0: OHCI PCI host controller
feb 02 09:19:54 debian kernel: ohci-pci 0000:00:13.0: new USB bus registered, assigned bus number 8
feb 02 09:19:54 debian kernel: ohci-pci 0000:00:13.0: irq 18, io mem 0xfeb4a000
feb 02 09:19:54 debian kernel: usb usb8: New USB device found, idVendor=1d6b, idProduct=0001
feb 02 09:19:54 debian kernel: usb usb8: New USB device strings: Mfr=3, Product=2, SerialNumber=1
feb 02 09:19:54 debian kernel: usb usb8: Product: OHCI PCI host controller
feb 02 09:19:54 debian kernel: usb usb8: Manufacturer: Linux 4.9.0-8-amd64 ohci_hcd
feb 02 09:19:54 debian kernel: usb usb8: SerialNumber: 0000:00:13.0
feb 02 09:19:54 debian kernel: hub 8-0:1.0: USB hub found
feb 02 09:19:54 debian kernel: hub 8-0:1.0: 5 ports detected
feb 02 09:19:54 debian kernel: ohci-pci 0000:00:14.5: OHCI PCI host controller
feb 02 09:19:54 debian kernel: ohci-pci 0000:00:14.5: new USB bus registered, assigned bus number 9
feb 02 09:19:54 debian kernel: ohci-pci 0000:00:14.5: irq 18, io mem 0xfeb48000
feb 02 09:19:54 debian kernel: usb usb9: New USB device found, idVendor=1d6b, idProduct=0001
feb 02 09:19:54 debian kernel: usb usb9: New USB device strings: Mfr=3, Product=2, SerialNumber=1
feb 02 09:19:54 debian kernel: usb usb9: Product: OHCI PCI host controller
feb 02 09:19:54 debian kernel: usb usb9: Manufacturer: Linux 4.9.0-8-amd64 ohci_hcd
feb 02 09:19:54 debian kernel: usb usb9: SerialNumber: 0000:00:14.5
feb 02 09:19:54 debian kernel: hub 9-0:1.0: USB hub found
feb 02 09:19:54 debian kernel: hub 9-0:1.0: 2 ports detected
feb 02 09:19:54 debian kernel: usb 2-1: new high-speed USB device number 2 using ehci-pci
feb 02 09:19:54 debian kernel: ata6: SATA link down (SStatus 0 SControl 300)
feb 02 09:19:54 debian kernel: usb 5-1: new low-speed USB device number 2 using xhci_hcd
feb 02 09:19:54 debian kernel: ata2: SATA link up 1.5 Gbps (SStatus 113 SControl 300)
feb 02 09:19:54 debian kernel: ata1: SATA link up 6.0 Gbps (SStatus 133 SControl 300)
feb 02 09:19:54 debian kernel: ata1.00: ATA-8: Hitachi HDS721010CLA630, JP4OA41A, max UDMA/133
feb 02 09:19:54 debian kernel: ata1.00: 1953525168 sectors, multi 16: LBA48 NCQ (depth 31/32), AA
feb 02 09:19:54 debian kernel: ata1.00: configured for UDMA/133
feb 02 09:19:54 debian kernel: scsi 0:0:0:0: Direct-Access     ATA      Hitachi HDS72101 A41A PQ: 0 ANSI: 5
feb 02 09:19:54 debian kernel: ata2.00: ATAPI: hp       DVDRAM GT50N, R703, max UDMA/100
feb 02 09:19:54 debian kernel: ata2.00: configured for UDMA/100
feb 02 09:19:54 debian kernel: usb 7-2: new low-speed USB device number 2 using ohci-pci
feb 02 09:19:54 debian kernel: scsi 1:0:0:0: CD-ROM            hp       DVDRAM GT50N     R703 PQ: 0 ANSI: 5
feb 02 09:19:54 debian kernel: sd 0:0:0:0: [sda] 1953525168 512-byte logical blocks: (1.00 TB/932 GiB)
feb 02 09:19:54 debian kernel: sd 0:0:0:0: [sda] Write Protect is off
feb 02 09:19:54 debian kernel: sd 0:0:0:0: [sda] Mode Sense: 00 3a 00 00
feb 02 09:19:54 debian kernel: sd 0:0:0:0: [sda] Write cache: enabled, read cache: enabled, doesn't support DPO or FUA
feb 02 09:19:54 debian kernel: sr 1:0:0:0: [sr0] scsi3-mmc drive: 24x/24x writer dvd-ram cd/rw xa/form2 cdda tray
feb 02 09:19:54 debian kernel: cdrom: Uniform CD-ROM driver Revision: 3.20
feb 02 09:19:54 debian kernel: sr 1:0:0:0: Attached scsi CD-ROM sr0
feb 02 09:19:54 debian kernel: usb 2-1: New USB device found, idVendor=0bda, idProduct=58b6
feb 02 09:19:54 debian kernel: usb 2-1: New USB device strings: Mfr=3, Product=1, SerialNumber=2
feb 02 09:19:54 debian kernel: usb 2-1: Product: HP 1.0MP High Definition Webcam
feb 02 09:19:54 debian kernel: usb 2-1: Manufacturer: DBKHA019I3H3P4
feb 02 09:19:54 debian kernel: usb 2-1: SerialNumber: 201203140001
feb 02 09:19:54 debian kernel: usb 5-1: New USB device found, idVendor=04d9, idProduct=1503
feb 02 09:19:54 debian kernel: usb 5-1: New USB device strings: Mfr=1, Product=2, SerialNumber=0
feb 02 09:19:54 debian kernel: usb 5-1: Product: USB Keyboard
feb 02 09:19:54 debian kernel: usb 5-1: Manufacturer:  
feb 02 09:19:54 debian kernel: hidraw: raw HID events driver (C) Jiri Kosina
feb 02 09:19:54 debian kernel:  sda: sda1 sda2 sda3 sda4 < sda5 sda6 sda7 >
feb 02 09:19:54 debian kernel: sd 0:0:0:0: [sda] Attached SCSI disk
feb 02 09:19:54 debian kernel: usb 7-2: New USB device found, idVendor=0458, idProduct=0186
feb 02 09:19:54 debian kernel: usb 7-2: New USB device strings: Mfr=4, Product=40, SerialNumber=0
feb 02 09:19:54 debian kernel: usb 7-2: Product: Wired Mouse
feb 02 09:19:54 debian kernel: usb 7-2: Manufacturer: KYE SYSTEMS CORP.
feb 02 09:19:54 debian kernel: usbcore: registered new interface driver usbhid
feb 02 09:19:54 debian kernel: usbhid: USB HID core driver
feb 02 09:19:54 debian kernel: input:   USB Keyboard as /devices/pci0000:00/0000:00:10.1/usb5/5-1/5-1:1.0/0003:04D9:1503.0001/input/input0
feb 02 09:19:54 debian kernel: input: KYE SYSTEMS CORP. Wired Mouse as /devices/pci0000:00/0000:00:12.0/usb7/7-2/7-2:1.0/0003:0458:0186.0003/input/input1
feb 02 09:19:54 debian kernel: clocksource: Switched to clocksource tsc
feb 02 09:19:54 debian kernel: hid-generic 0003:04D9:1503.0001: input,hidraw0: USB HID v1.10 Keyboard [  USB Keyboard] on usb-0000:00:10.1-1/input0
feb 02 09:19:54 debian kernel: hid-generic 0003:0458:0186.0003: input,hidraw1: USB HID v1.11 Mouse [KYE SYSTEMS CORP. Wired Mouse] on usb-0000:00:12.0-2/input0
feb 02 09:19:54 debian kernel: usbhid 7-2:1.1: couldn't find an input interrupt endpoint
feb 02 09:19:54 debian kernel: input:   USB Keyboard as /devices/pci0000:00/0000:00:10.1/usb5/5-1/5-1:1.1/0003:04D9:1503.0002/input/input2
feb 02 09:19:54 debian kernel: hid-generic 0003:04D9:1503.0002: input,hidraw2: USB HID v1.10 Device [  USB Keyboard] on usb-0000:00:10.1-1/input1
feb 02 09:19:54 debian kernel: random: fast init done
feb 02 09:19:54 debian kernel: uhci_hcd: USB Universal Host Controller Interface driver
feb 02 09:19:54 debian kernel: PM: Starting manual resume from disk
feb 02 09:19:54 debian kernel: PM: Hibernation image partition 8:7 present
feb 02 09:19:54 debian kernel: PM: Looking for hibernation image.
feb 02 09:19:54 debian kernel: PM: Image not found (code -22)
feb 02 09:19:54 debian kernel: PM: Hibernation image not present or could not be loaded.
feb 02 09:19:54 debian kernel: EXT4-fs (sda6): mounted filesystem with ordered data mode. Opts: (null)
feb 02 09:19:54 debian kernel: ip_tables: (C) 2000-2006 Netfilter Core Team
feb 02 09:19:54 debian systemd[1]: systemd 232 running in system mode. (+PAM +AUDIT +SELINUX +IMA +APPARMOR +SMACK +SYSVINIT +UTMP +LIBCRYPTSETUP +GCRYPT +GNUTLS +ACL +XZ +LZ4 +SECCOMP +BLKID +ELFUTILS +KMOD +IDN)
feb 02 09:19:54 debian systemd[1]: Detected architecture x86-64.
feb 02 09:19:54 debian kernel: random: crng init done
feb 02 09:19:54 debian kernel: random: 7 urandom warning(s) missed due to ratelimiting
feb 02 09:19:54 debian systemd[1]: Set hostname to <debian>.
feb 02 09:19:54 debian systemd[1]: [/lib/systemd/system/postgresql-10.service:12] Unknown lvalue 'PIDFILE' in section 'Service'
feb 02 09:19:54 debian systemd[1]: Listening on Journal Socket (/dev/log).
feb 02 09:19:54 debian systemd[1]: Created slice System Slice.
feb 02 09:19:54 debian systemd[1]: Set up automount Arbitrary Executable File Formats File System Automount Point.
feb 02 09:19:54 debian systemd[1]: Started Dispatch Password Requests to Console Directory Watch.
feb 02 09:19:54 debian systemd[1]: Created slice system-getty.slice.
feb 02 09:19:54 debian systemd[1]: Reached target User and Group Name Lookups.
feb 02 09:19:54 debian systemd-journald[249]: Journal started
-- Subject: The journal has been started
-- Defined-By: systemd
-- Support: https://www.debian.org/support
-- 
-- The system journal process has started up, opened the journal
-- files for writing and is now ready to process requests.
feb 02 09:19:54 debian systemd-journald[249]: Runtime journal (/run/log/journal/46d12085a95a4ea5902c76bb01eab24b) is 8.0M, max 154.9M, 146.9M free.
-- Subject: Disk space used by the journal
-- Defined-By: systemd
-- Support: https://www.debian.org/support
-- 
-- Runtime journal (/run/log/journal/46d12085a95a4ea5902c76bb01eab24b) is currently using 8.0M.
-- Maximum allowed usage is set to 154.9M.
-- Leaving at least 232.4M free (of currently available 1.5G of disk space).
-- Enforced usage limit is thus 154.9M, of which 146.9M are still available.
-- 
-- The limits controlling how much disk space is used by the journal may
-- be configured with SystemMaxUse=, SystemKeepFree=, SystemMaxFileSize=,
-- RuntimeMaxUse=, RuntimeKeepFree=, RuntimeMaxFileSize= settings in
-- /etc/systemd/journald.conf. See journald.conf(5) for details.
feb 02 09:19:54 debian systemd-modules-load[248]: Inserted module 'lp'
feb 02 09:19:54 debian kernel: lp: driver loaded but no devices found
feb 02 09:19:54 debian systemd[1]: Mounted Debug File System.
-- Subject: Unit sys-kernel-debug.mount has finished start-up
-- Defined-By: systemd
-- Support: https://www.debian.org/support
-- 
-- Unit sys-kernel-debug.mount has finished starting up.
-- 
-- The start-up result is done.
feb 02 09:19:54 debian systemd[1]: Mounted Huge Pages File System.
-- Subject: Unit dev-hugepages.mount has finished start-up
-- Defined-By: systemd
-- Support: https://www.debian.org/support
-- 
-- Unit dev-hugepages.mount has finished starting up.
-- 
-- The start-up result is done.
feb 02 09:19:54 debian systemd[1]: Mounted POSIX Message Queue File System.
-- Subject: Unit dev-mqueue.mount has finished start-up
-- Defined-By: systemd
-- Support: https://www.debian.org/support
-- 
-- Unit dev-mqueue.mount has finished starting up.
-- 
-- The start-up result is done.
feb 02 09:19:54 debian systemd-modules-load[248]: Inserted module 'ppdev'
feb 02 09:19:54 debian kernel: ppdev: user-space parallel port driver
feb 02 09:19:54 debian systemd-modules-load[248]: Inserted module 'parport_pc'
feb 02 09:19:54 debian systemd[1]: Started Remount Root and Kernel File Systems.
-- Subject: Unit systemd-remount-fs.service has finished start-up
-- Defined-By: systemd
-- Support: https://www.debian.org/support
-- 
-- Unit systemd-remount-fs.service has finished starting up.
-- 
-- The start-up result is done.
feb 02 09:19:54 debian systemd[1]: Started Load Kernel Modules.
-- Subject: Unit systemd-modules-load.service has finished start-up
-- Defined-By: systemd
-- Support: https://www.debian.org/support
-- 
-- Unit systemd-modules-load.service has finished starting up.
-- 
-- The start-up result is done.
feb 02 09:19:54 debian systemd[1]: Starting Apply Kernel Variables...
-- Subject: Unit systemd-sysctl.service has begun start-up
-- Defined-By: systemd
-- Support: https://www.debian.org/support
-- 
-- Unit systemd-sysctl.service has begun starting up.
feb 02 09:19:54 debian systemd[1]: Starting Load/Save Random Seed...
-- Subject: Unit systemd-random-seed.service has begun start-up
-- Defined-By: systemd
-- Support: https://www.debian.org/support
-- 
-- Unit systemd-random-seed.service has begun starting up.
feb 02 09:19:54 debian kernel: EXT4-fs (sda6): re-mounted. Opts: errors=remount-ro
feb 02 09:19:54 debian systemd[1]: Starting Flush Journal to Persistent Storage...
-- Subject: Unit systemd-journal-flush.service has begun start-up
-- Defined-By: systemd
-- Support: https://www.debian.org/support
-- 
-- Unit systemd-journal-flush.service has begun starting up.
feb 02 09:19:54 debian systemd[1]: Starting udev Coldplug all Devices...
-- Subject: Unit systemd-udev-trigger.service has begun start-up
-- Defined-By: systemd
-- Support: https://www.debian.org/support
-- 
-- Unit systemd-udev-trigger.service has begun starting up.
feb 02 09:19:55 debian systemd[1]: Started Load/Save Random Seed.
-- Subject: Unit systemd-random-seed.service has finished start-up
-- Defined-By: systemd
-- Support: https://www.debian.org/support
-- 
-- Unit systemd-random-seed.service has finished starting up.
-- 
-- The start-up result is done.
feb 02 09:19:55 debian systemd-journald[249]: Runtime journal (/run/log/journal/46d12085a95a4ea5902c76bb01eab24b) is 8.0M, max 154.9M, 146.9M free.
-- Subject: Disk space used by the journal
-- Defined-By: systemd
-- Support: https://www.debian.org/support
-- 
-- Runtime journal (/run/log/journal/46d12085a95a4ea5902c76bb01eab24b) is currently using 8.0M.
-- Maximum allowed usage is set to 154.9M.
-- Leaving at least 232.4M free (of currently available 1.5G of disk space).
-- Enforced usage limit is thus 154.9M, of which 146.9M are still available.
-- 
-- The limits controlling how much disk space is used by the journal may
-- be configured with SystemMaxUse=, SystemKeepFree=, SystemMaxFileSize=,
-- RuntimeMaxUse=, RuntimeKeepFree=, RuntimeMaxFileSize= settings in
-- /etc/systemd/journald.conf. See journald.conf(5) for details.
feb 02 09:19:55 debian systemd[1]: Started Flush Journal to Persistent Storage.
-- Subject: Unit systemd-journal-flush.service has finished start-up
-- Defined-By: systemd
-- Support: https://www.debian.org/support
-- 
-- Unit systemd-journal-flush.service has finished starting up.
-- 
-- The start-up result is done.
feb 02 09:19:55 debian systemd[1]: Started udev Coldplug all Devices.
-- Subject: Unit systemd-udev-trigger.service has finished start-up
-- Defined-By: systemd
-- Support: https://www.debian.org/support
-- 
-- Unit systemd-udev-trigger.service has finished starting up.
-- 
-- The start-up result is done.
feb 02 09:19:55 debian systemd[1]: Started Apply Kernel Variables.
-- Subject: Unit systemd-sysctl.service has finished start-up
-- Defined-By: systemd
-- Support: https://www.debian.org/support
-- 
-- Unit systemd-sysctl.service has finished starting up.
-- 
-- The start-up result is done.
feb 02 09:19:55 debian systemd[1]: Started Create Static Device Nodes in /dev.
-- Subject: Unit systemd-tmpfiles-setup-dev.service has finished start-up
-- Defined-By: systemd
-- Support: https://www.debian.org/support
-- 
-- Unit systemd-tmpfiles-setup-dev.service has finished starting up.
-- 
-- The start-up result is done.
feb 02 09:19:55 debian systemd[1]: Starting udev Kernel Device Manager...
-- Subject: Unit systemd-udevd.service has begun start-up
-- Defined-By: systemd
-- Support: https://www.debian.org/support
-- 
-- Unit systemd-udevd.service has begun starting up.
feb 02 09:19:55 debian systemd[1]: Started Set the console keyboard layout.
-- Subject: Unit keyboard-setup.service has finished start-up
-- Defined-By: systemd
-- Support: https://www.debian.org/support
-- 
-- Unit keyboard-setup.service has finished starting up.
-- 
-- The start-up result is done.
feb 02 09:19:55 debian systemd[1]: Reached target Local File Systems (Pre).
-- Subject: Unit local-fs-pre.target has finished start-up
-- Defined-By: systemd
-- Support: https://www.debian.org/support
-- 
-- Unit local-fs-pre.target has finished starting up.
-- 
-- The start-up result is done.
feb 02 09:19:55 debian systemd[1]: Reached target Local File Systems.
-- Subject: Unit local-fs.target has finished start-up
-- Defined-By: systemd
-- Support: https://www.debian.org/support
-- 
-- Unit local-fs.target has finished starting up.
-- 
-- The start-up result is done.
feb 02 09:19:55 debian systemd[1]: Starting Create Volatile Files and Directories...
-- Subject: Unit systemd-tmpfiles-setup.service has begun start-up
-- Defined-By: systemd
-- Support: https://www.debian.org/support
-- 
-- Unit systemd-tmpfiles-setup.service has begun starting up.
feb 02 09:19:55 debian systemd[1]: Starting Set console font and keymap...
-- Subject: Unit console-setup.service has begun start-up
-- Defined-By: systemd
-- Support: https://www.debian.org/support
-- 
-- Unit console-setup.service has begun starting up.
feb 02 09:19:55 debian systemd[1]: Starting Enable support for additional executable binary formats...
-- Subject: Unit binfmt-support.service has begun start-up
-- Defined-By: systemd
-- Support: https://www.debian.org/support
-- 
-- Unit binfmt-support.service has begun starting up.
feb 02 09:19:55 debian systemd[1]: Starting Raise network interfaces...
-- Subject: Unit networking.service has begun start-up
-- Defined-By: systemd
-- Support: https://www.debian.org/support
-- 
-- Unit networking.service has begun starting up.
feb 02 09:19:55 debian systemd[1]: Mounting Mount unit for core, revision 6350...
-- Subject: Unit snap-core-6350.mount has begun start-up
-- Defined-By: systemd
-- Support: https://www.debian.org/support
-- 
-- Unit snap-core-6350.mount has begun starting up.
feb 02 09:19:55 debian systemd[1]: Mounting Mount unit for core, revision 6259...
-- Subject: Unit snap-core-6259.mount has begun start-up
-- Defined-By: systemd
-- Support: https://www.debian.org/support
-- 
-- Unit snap-core-6259.mount has begun starting up.
feb 02 09:19:55 debian systemd[1]: Mounting Mount unit for core, revision 6130...
-- Subject: Unit snap-core-6130.mount has begun start-up
-- Defined-By: systemd
-- Support: https://www.debian.org/support
-- 
-- Unit snap-core-6130.mount has begun starting up.
feb 02 09:19:55 debian systemd[1]: Started Set console font and keymap.
-- Subject: Unit console-setup.service has finished start-up
-- Defined-By: systemd
-- Support: https://www.debian.org/support
-- 
-- Unit console-setup.service has finished starting up.
-- 
-- The start-up result is done.
feb 02 09:19:55 debian systemd[1]: proc-sys-fs-binfmt_misc.automount: Got automount request for /proc/sys/fs/binfmt_misc, triggered by 284 (update-binfmts)
feb 02 09:19:55 debian systemd[1]: Mounting Arbitrary Executable File Formats File System...
-- Subject: Unit proc-sys-fs-binfmt_misc.mount has begun start-up
-- Defined-By: systemd
-- Support: https://www.debian.org/support
-- 
-- Unit proc-sys-fs-binfmt_misc.mount has begun starting up.
feb 02 09:19:55 debian kernel: loop: module loaded
feb 02 09:19:55 debian systemd[1]: Started Create Volatile Files and Directories.
-- Subject: Unit systemd-tmpfiles-setup.service has finished start-up
-- Defined-By: systemd
-- Support: https://www.debian.org/support
-- 
-- Unit systemd-tmpfiles-setup.service has finished starting up.
-- 
-- The start-up result is done.
feb 02 09:19:55 debian systemd[1]: Starting Update UTMP about System Boot/Shutdown...
-- Subject: Unit systemd-update-utmp.service has begun start-up
-- Defined-By: systemd
-- Support: https://www.debian.org/support
-- 
-- Unit systemd-update-utmp.service has begun starting up.
feb 02 09:19:55 debian systemd[1]: Starting Network Time Synchronization...
-- Subject: Unit systemd-timesyncd.service has begun start-up
-- Defined-By: systemd
-- Support: https://www.debian.org/support
-- 
-- Unit systemd-timesyncd.service has begun starting up.
feb 02 09:19:56 debian systemd[1]: Mounted Arbitrary Executable File Formats File System.
-- Subject: Unit proc-sys-fs-binfmt_misc.mount has finished start-up
-- Defined-By: systemd
-- Support: https://www.debian.org/support
-- 
-- Unit proc-sys-fs-binfmt_misc.mount has finished starting up.
-- 
-- The start-up result is done.
feb 02 09:19:56 debian systemd[1]: Started Update UTMP about System Boot/Shutdown.
-- Subject: Unit systemd-update-utmp.service has finished start-up
-- Defined-By: systemd
-- Support: https://www.debian.org/support
-- 
-- Unit systemd-update-utmp.service has finished starting up.
-- 
-- The start-up result is done.
feb 02 09:19:56 debian kernel: squashfs: version 4.0 (2009/01/31) Phillip Lougher
feb 02 09:19:56 debian systemd[1]: Started Enable support for additional executable binary formats.
-- Subject: Unit binfmt-support.service has finished start-up
-- Defined-By: systemd
-- Support: https://www.debian.org/support
-- 
-- Unit binfmt-support.service has finished starting up.
-- 
-- The start-up result is done.
feb 02 09:19:56 debian systemd[1]: Started udev Kernel Device Manager.
-- Subject: Unit systemd-udevd.service has finished start-up
-- Defined-By: systemd
-- Support: https://www.debian.org/support
-- 
-- Unit systemd-udevd.service has finished starting up.
-- 
-- The start-up result is done.
feb 02 09:19:56 debian systemd[1]: Mounted Mount unit for core, revision 6350.
-- Subject: Unit snap-core-6350.mount has finished start-up
-- Defined-By: systemd
-- Support: https://www.debian.org/support
-- 
-- Unit snap-core-6350.mount has finished starting up.
-- 
-- The start-up result is done.
feb 02 09:19:56 debian systemd[1]: Mounted Mount unit for core, revision 6259.
-- Subject: Unit snap-core-6259.mount has finished start-up
-- Defined-By: systemd
-- Support: https://www.debian.org/support
-- 
-- Unit snap-core-6259.mount has finished starting up.
-- 
-- The start-up result is done.
feb 02 09:19:56 debian systemd[1]: Mounted Mount unit for core, revision 6130.
-- Subject: Unit snap-core-6130.mount has finished start-up
-- Defined-By: systemd
-- Support: https://www.debian.org/support
-- 
-- Unit snap-core-6130.mount has finished starting up.
-- 
-- The start-up result is done.
feb 02 09:19:56 debian kernel: acpi_cpufreq: overriding BIOS provided _PSD data
feb 02 09:19:56 debian systemd[1]: Started Network Time Synchronization.
-- Subject: Unit systemd-timesyncd.service has finished start-up
-- Defined-By: systemd
-- Support: https://www.debian.org/support
-- 
-- Unit systemd-timesyncd.service has finished starting up.
-- 
-- The start-up result is done.
feb 02 09:19:56 debian systemd[1]: Reached target System Time Synchronized.
-- Subject: Unit time-sync.target has finished start-up
-- Defined-By: systemd
-- Support: https://www.debian.org/support
-- 
-- Unit time-sync.target has finished starting up.
-- 
-- The start-up result is done.
feb 02 09:19:56 debian kernel: input: Power Button as /devices/LNXSYSTM:00/LNXSYBUS:00/PNP0C0C:00/input/input3
feb 02 09:19:56 debian kernel: ACPI: Power Button [PWRB]
feb 02 09:19:56 debian kernel: input: Power Button as /devices/LNXSYSTM:00/LNXPWRBN:00/input/input4
feb 02 09:19:56 debian kernel: ACPI: Power Button [PWRF]
feb 02 09:19:56 debian kernel: ACPI: Video Device [VGA] (multi-head: yes  rom: no  post: no)
feb 02 09:19:56 debian kernel: [Firmware Bug]: ACPI: No _BQC method, cannot determine initial brightness
feb 02 09:19:56 debian kernel: acpi device:1f: registered as cooling_device4
feb 02 09:19:56 debian kernel: input: Video Bus as /devices/LNXSYSTM:00/LNXSYBUS:00/PNP0A03:00/LNXVIDEO:00/input/input5
feb 02 09:19:56 debian kernel: shpchp: Standard Hot Plug PCI Controller Driver version: 0.4
feb 02 09:19:56 debian kernel: sp5100_tco: SP5100/SB800 TCO WatchDog Timer Driver v0.05
feb 02 09:19:56 debian kernel: sp5100_tco: PCI Vendor ID: 0x1022, Device ID: 0x780b, Revision ID: 0x14
feb 02 09:19:56 debian kernel: sp5100_tco: I/O address 0x0cd6 already in use
feb 02 09:19:56 debian kernel: [drm] Initialized
feb 02 09:19:56 debian kernel: input: PC Speaker as /devices/platform/pcspkr/input/input6
feb 02 09:19:56 debian kernel: sd 0:0:0:0: Attached scsi generic sg0 type 0
feb 02 09:19:56 debian kernel: sr 1:0:0:0: Attached scsi generic sg1 type 5
feb 02 09:19:57 debian mtp-probe[352]: checking bus 2, device 2: "/sys/devices/pci0000:00/0000:00:13.2/usb2/2-1"
feb 02 09:19:57 debian mtp-probe[352]: bus: 2, device: 2 was not an MTP device
feb 02 09:19:57 debian mtp-probe[377]: checking bus 7, device 2: "/sys/devices/pci0000:00/0000:00:12.0/usb7/7-2"
feb 02 09:19:57 debian mtp-probe[377]: bus: 7, device: 2 was not an MTP device
feb 02 09:19:57 debian mtp-probe[378]: checking bus 5, device 2: "/sys/devices/pci0000:00/0000:00:10.1/usb5/5-1"
feb 02 09:19:57 debian mtp-probe[378]: bus: 5, device: 2 was not an MTP device
feb 02 09:19:57 debian kernel: kvm: disabled by bios
feb 02 09:19:57 debian kernel: [drm] radeon kernel modesetting enabled.
feb 02 09:19:57 debian kernel: EDAC MC: Ver: 3.0.0
feb 02 09:19:57 debian kernel: media: Linux media interface: v0.10
feb 02 09:19:57 debian kernel: MCE: In-kernel MCE decoding enabled.
feb 02 09:19:57 debian kernel: EDAC amd64: DRAM ECC disabled.
feb 02 09:19:57 debian kernel: EDAC amd64: ECC disabled in the BIOS or no ECC capability, module will not load.
                                Either enable ECC checking or force module loading by setting 'ecc_enable_override'.
                                (Note that use of the override may cause unknown side effects.)
feb 02 09:19:57 debian kernel: EDAC amd64: DRAM ECC disabled.
feb 02 09:19:57 debian kernel: EDAC amd64: ECC disabled in the BIOS or no ECC capability, module will not load.
                                Either enable ECC checking or force module loading by setting 'ecc_enable_override'.
                                (Note that use of the override may cause unknown side effects.)
feb 02 09:19:57 debian kernel: Linux video capture interface: v2.00
feb 02 09:19:57 debian kernel: uvcvideo: Found UVC 1.00 device HP 1.0MP High Definition Webcam (0bda:58b6)
feb 02 09:19:57 debian kernel: uvcvideo 2-1:1.0: Entity type for entity Extension 4 was not initialized!
feb 02 09:19:57 debian kernel: uvcvideo 2-1:1.0: Entity type for entity Processing 2 was not initialized!
feb 02 09:19:57 debian kernel: uvcvideo 2-1:1.0: Entity type for entity Camera 1 was not initialized!
feb 02 09:19:57 debian kernel: input: HP 1.0MP High Definition Webcam as /devices/pci0000:00/0000:00:13.2/usb2/2-1/2-1:1.0/input/input7
feb 02 09:19:57 debian kernel: usbcore: registered new interface driver uvcvideo
feb 02 09:19:57 debian kernel: USB Video Class driver (1.1.1)
feb 02 09:19:58 debian kernel: CRAT table not found
feb 02 09:19:58 debian kernel: Finished initializing topology ret=0
feb 02 09:19:58 debian kernel: kfd kfd: Initialized module
feb 02 09:19:58 debian kernel: [drm] initializing kernel modesetting (ARUBA 0x1002:0x9904 0x103C:0x2AEE 0x00).
feb 02 09:19:58 debian kernel: [drm] register mmio base: 0xFEB00000
feb 02 09:19:58 debian kernel: [drm] register mmio size: 262144
feb 02 09:19:58 debian kernel: ATOM BIOS: 113
feb 02 09:19:58 debian kernel: radeon 0000:00:01.0: VRAM: 512M 0x0000000000000000 - 0x000000001FFFFFFF (512M used)
feb 02 09:19:58 debian kernel: radeon 0000:00:01.0: GTT: 1024M 0x0000000020000000 - 0x000000005FFFFFFF
feb 02 09:19:58 debian kernel: [drm] Detected VRAM RAM=512M, BAR=256M
feb 02 09:19:58 debian kernel: [drm] RAM width 64bits DDR
feb 02 09:19:58 debian kernel: [TTM] Zone  kernel: Available graphics memory: 7933976 kiB
feb 02 09:19:58 debian kernel: [TTM] Zone   dma32: Available graphics memory: 2097152 kiB
feb 02 09:19:58 debian kernel: [TTM] Initializing pool allocator
feb 02 09:19:58 debian kernel: [TTM] Initializing DMA pool allocator
feb 02 09:19:58 debian kernel: [drm] radeon: 512M of VRAM memory ready
feb 02 09:19:58 debian kernel: [drm] radeon: 1024M of GTT memory ready.
feb 02 09:19:58 debian kernel: [drm] Loading ARUBA Microcode
feb 02 09:19:58 debian kernel: radeon 0000:00:01.0: firmware: direct-loading firmware radeon/ARUBA_pfp.bin
feb 02 09:19:58 debian kernel: radeon 0000:00:01.0: firmware: direct-loading firmware radeon/ARUBA_me.bin
feb 02 09:19:58 debian kernel: radeon 0000:00:01.0: firmware: direct-loading firmware radeon/ARUBA_rlc.bin
feb 02 09:19:58 debian kernel: [drm] Internal thermal controller without fan control
feb 02 09:19:58 debian kernel: [drm] radeon: dpm initialized
feb 02 09:19:58 debian kernel: radeon 0000:00:01.0: firmware: direct-loading firmware radeon/TAHITI_uvd.bin
feb 02 09:19:58 debian kernel: radeon 0000:00:01.0: firmware: direct-loading firmware radeon/TAHITI_vce.bin
feb 02 09:19:58 debian kernel: [drm] Found VCE firmware/feedback version 50.0.1 / 17!
feb 02 09:19:58 debian kernel: [drm] GART: num cpu pages 262144, num gpu pages 262144
feb 02 09:19:58 debian kernel: [drm] PCIE GART of 1024M enabled (table at 0x00000000001D6000).
feb 02 09:19:58 debian kernel: radeon 0000:00:01.0: WB enabled
feb 02 09:19:58 debian kernel: radeon 0000:00:01.0: fence driver on ring 0 use gpu addr 0x0000000020000c00 and cpu addr 0xffff89e32b62fc00
feb 02 09:19:58 debian kernel: radeon 0000:00:01.0: fence driver on ring 5 use gpu addr 0x0000000000075a18 and cpu addr 0xffffa7ab02235a18
feb 02 09:19:58 debian kernel: radeon 0000:00:01.0: fence driver on ring 6 use gpu addr 0x0000000020000c18 and cpu addr 0xffff89e32b62fc18
feb 02 09:19:58 debian kernel: radeon 0000:00:01.0: fence driver on ring 7 use gpu addr 0x0000000020000c1c and cpu addr 0xffff89e32b62fc1c
feb 02 09:19:58 debian kernel: radeon 0000:00:01.0: fence driver on ring 1 use gpu addr 0x0000000020000c04 and cpu addr 0xffff89e32b62fc04
feb 02 09:19:58 debian kernel: radeon 0000:00:01.0: fence driver on ring 2 use gpu addr 0x0000000020000c08 and cpu addr 0xffff89e32b62fc08
feb 02 09:19:58 debian kernel: radeon 0000:00:01.0: fence driver on ring 3 use gpu addr 0x0000000020000c0c and cpu addr 0xffff89e32b62fc0c
feb 02 09:19:58 debian kernel: radeon 0000:00:01.0: fence driver on ring 4 use gpu addr 0x0000000020000c10 and cpu addr 0xffff89e32b62fc10
feb 02 09:19:58 debian kernel: [drm] Supports vblank timestamp caching Rev 2 (21.10.2013).
feb 02 09:19:58 debian kernel: [drm] Driver supports precise vblank timestamp query.
feb 02 09:19:58 debian kernel: radeon 0000:00:01.0: radeon: MSI limited to 32-bit
feb 02 09:19:58 debian kernel: radeon 0000:00:01.0: radeon: using MSI.
feb 02 09:19:58 debian kernel: [drm] radeon: irq initialized.
feb 02 09:19:58 debian kernel: [drm] ring test on 0 succeeded in 2 usecs
feb 02 09:19:58 debian kernel: [drm] ring test on 3 succeeded in 3 usecs
feb 02 09:19:58 debian kernel: [drm] ring test on 4 succeeded in 3 usecs
feb 02 09:19:58 debian kernel: [drm] ring test on 5 succeeded in 1 usecs
feb 02 09:19:58 debian kernel: [drm] UVD initialized successfully.
feb 02 09:19:58 debian kernel: [drm] ring test on 6 succeeded in 17 usecs
feb 02 09:19:58 debian kernel: [drm] ring test on 7 succeeded in 2 usecs
feb 02 09:19:58 debian kernel: [drm] VCE initialized successfully.
feb 02 09:19:58 debian kernel: [drm] ib test on ring 0 succeeded in 0 usecs
feb 02 09:19:58 debian kernel: [drm] ib test on ring 3 succeeded in 0 usecs
feb 02 09:19:58 debian kernel: [drm] ib test on ring 4 succeeded in 0 usecs
feb 02 09:19:58 debian /usr/bin/snap[379]: cmd.go:105: DEBUG: restarting into "/snap/core/current/usr/bin/snap"
feb 02 09:19:58 debian /usr/bin/snap[366]: cmd.go:105: DEBUG: restarting into "/snap/core/current/usr/bin/snap"
feb 02 09:19:58 debian /usr/bin/snap[384]: cmd.go:105: DEBUG: restarting into "/snap/core/current/usr/bin/snap"
feb 02 09:19:58 debian /usr/bin/snap[389]: cmd.go:105: DEBUG: restarting into "/snap/core/current/usr/bin/snap"
feb 02 09:19:58 debian /usr/bin/snap[361]: cmd.go:105: DEBUG: restarting into "/snap/core/current/usr/bin/snap"
feb 02 09:19:58 debian /usr/bin/snap[380]: cmd.go:105: DEBUG: restarting into "/snap/core/current/usr/bin/snap"
feb 02 09:19:58 debian /usr/bin/snap[385]: cmd.go:105: DEBUG: restarting into "/snap/core/current/usr/bin/snap"
feb 02 09:19:58 debian /usr/bin/snap[376]: cmd.go:105: DEBUG: restarting into "/snap/core/current/usr/bin/snap"
feb 02 09:19:58 debian /usr/bin/snap[373]: cmd.go:105: DEBUG: restarting into "/snap/core/current/usr/bin/snap"
feb 02 09:19:58 debian /usr/bin/snap[383]: cmd.go:105: DEBUG: restarting into "/snap/core/current/usr/bin/snap"
feb 02 09:19:58 debian kernel: [drm] ib test on ring 5 succeeded
feb 02 09:19:59 debian kernel: [drm] ib test on ring 6 succeeded
feb 02 09:20:00 debian kernel: [drm] ib test on ring 7 succeeded
feb 02 09:20:00 debian kernel: [drm] radeon atom DIG backlight initialized
feb 02 09:20:00 debian kernel: [drm] Radeon Display Connectors
feb 02 09:20:00 debian kernel: [drm] Connector 0:
feb 02 09:20:00 debian kernel: [drm]   DP-1
feb 02 09:20:00 debian kernel: [drm]   HPD1
feb 02 09:20:00 debian kernel: [drm]   DDC: 0x6530 0x6530 0x6534 0x6534 0x6538 0x6538 0x653c 0x653c
feb 02 09:20:00 debian kernel: [drm]   Encoders:
feb 02 09:20:00 debian kernel: [drm]     DFP1: INTERNAL_UNIPHY2
feb 02 09:20:00 debian kernel: [drm] Connector 1:
feb 02 09:20:00 debian kernel: [drm]   LVDS-1
feb 02 09:20:00 debian kernel: [drm]   HPD2
feb 02 09:20:00 debian kernel: [drm]   DDC: 0x6540 0x6540 0x6544 0x6544 0x6548 0x6548 0x654c 0x654c
feb 02 09:20:00 debian kernel: [drm]   Encoders:
feb 02 09:20:00 debian kernel: [drm]     LCD1: INTERNAL_UNIPHY2
feb 02 09:20:00 debian kernel: [drm]     LCD1: TRAVIS
feb 02 09:20:00 debian kernel: [drm] Connector 2:
feb 02 09:20:00 debian kernel: [drm]   HDMI-A-1
feb 02 09:20:00 debian kernel: [drm]   HPD3
feb 02 09:20:00 debian kernel: [drm]   DDC: 0x6550 0x6550 0x6554 0x6554 0x6558 0x6558 0x655c 0x655c
feb 02 09:20:00 debian kernel: [drm]   Encoders:
feb 02 09:20:00 debian kernel: [drm]     DFP2: INTERNAL_UNIPHY
feb 02 09:20:00 debian /usr/bin/snap[471]: cmd.go:105: DEBUG: restarting into "/snap/core/current/usr/bin/snap"
feb 02 09:20:00 debian kernel: [drm] fb mappable at 0xC03DA000
feb 02 09:20:00 debian kernel: [drm] vram apper at 0xC0000000
feb 02 09:20:00 debian kernel: [drm] size 8294400
feb 02 09:20:00 debian kernel: [drm] fb depth is 24
feb 02 09:20:00 debian kernel: [drm]    pitch is 7680
feb 02 09:20:00 debian kernel: fbcon: radeondrmfb (fb0) is primary device
feb 02 09:20:00 debian kernel: Console: switching to colour frame buffer device 240x67
feb 02 09:20:00 debian kernel: radeon 0000:00:01.0: fb0: radeondrmfb frame buffer device
feb 02 09:20:00 debian kernel: [drm] Initialized radeon 2.49.0 20080528 for 0000:00:01.0 on minor 0
feb 02 09:20:00 debian systemd[1]: Created slice system-systemd\x2dbacklight.slice.
-- Subject: Unit system-systemd\x2dbacklight.slice has finished start-up
-- Defined-By: systemd
-- Support: https://www.debian.org/support
-- 
-- Unit system-systemd\x2dbacklight.slice has finished starting up.
-- 
-- The start-up result is done.
feb 02 09:20:00 debian systemd[1]: Starting Load/Save Screen Backlight Brightness of backlight:acpi_video0...
-- Subject: Unit systemd-backlight@backlight:acpi_video0.service has begun start-up
-- Defined-By: systemd
-- Support: https://www.debian.org/support
-- 
-- Unit systemd-backlight@backlight:acpi_video0.service has begun starting up.
feb 02 09:20:00 debian systemd[1]: Starting Load/Save Screen Backlight Brightness of backlight:radeon_bl0...
-- Subject: Unit systemd-backlight@backlight:radeon_bl0.service has begun start-up
-- Defined-By: systemd
-- Support: https://www.debian.org/support
-- 
-- Unit systemd-backlight@backlight:radeon_bl0.service has begun starting up.
feb 02 09:20:00 debian /usr/bin/snap[486]: cmd.go:105: DEBUG: restarting into "/snap/core/current/usr/bin/snap"
feb 02 09:20:00 debian /usr/bin/snap[487]: cmd.go:105: DEBUG: restarting into "/snap/core/current/usr/bin/snap"
feb 02 09:20:00 debian /usr/bin/snap[504]: cmd.go:105: DEBUG: restarting into "/snap/core/current/usr/bin/snap"
feb 02 09:20:00 debian systemd-backlight[484]: Failed to get backlight or LED device 'backlight:acpi_video0': No such device
feb 02 09:20:00 debian systemd[1]: systemd-backlight@backlight:acpi_video0.service: Main process exited, code=exited, status=1/FAILURE
feb 02 09:20:00 debian systemd[1]: Failed to start Load/Save Screen Backlight Brightness of backlight:acpi_video0.
-- Subject: Unit systemd-backlight@backlight:acpi_video0.service has failed
-- Defined-By: systemd
-- Support: https://www.debian.org/support
-- 
-- Unit systemd-backlight@backlight:acpi_video0.service has failed.
-- 
-- The result is failed.
feb 02 09:20:00 debian systemd[1]: systemd-backlight@backlight:acpi_video0.service: Unit entered failed state.
feb 02 09:20:00 debian systemd[1]: systemd-backlight@backlight:acpi_video0.service: Failed with result 'exit-code'.
feb 02 09:20:00 debian /usr/bin/snap[513]: cmd.go:105: DEBUG: restarting into "/snap/core/current/usr/bin/snap"
feb 02 09:20:00 debian systemd[1]: Started Load/Save Screen Backlight Brightness of backlight:radeon_bl0.
-- Subject: Unit systemd-backlight@backlight:radeon_bl0.service has finished start-up
-- Defined-By: systemd
-- Support: https://www.debian.org/support
-- 
-- Unit systemd-backlight@backlight:radeon_bl0.service has finished starting up.
-- 
-- The start-up result is done.
feb 02 09:20:00 debian kernel: snd_hda_codec_realtek hdaudioC0D0: ALC269VC: SKU not ready 0x411111f0
feb 02 09:20:00 debian kernel: snd_hda_codec_realtek hdaudioC0D0: autoconfig for ALC269VC: line_outs=1 (0x1b/0x0/0x0/0x0/0x0) type:line
feb 02 09:20:00 debian kernel: snd_hda_codec_realtek hdaudioC0D0:    speaker_outs=1 (0x14/0x0/0x0/0x0/0x0)
feb 02 09:20:00 debian kernel: snd_hda_codec_realtek hdaudioC0D0:    hp_outs=1 (0x15/0x0/0x0/0x0/0x0)
feb 02 09:20:00 debian kernel: snd_hda_codec_realtek hdaudioC0D0:    mono: mono_out=0x0
feb 02 09:20:00 debian kernel: snd_hda_codec_realtek hdaudioC0D0:    inputs:
feb 02 09:20:00 debian kernel: snd_hda_codec_realtek hdaudioC0D0:      Mic=0x18
feb 02 09:20:00 debian kernel: snd_hda_codec_realtek hdaudioC0D0:      Internal Mic=0x12
feb 02 09:20:00 debian kernel: input: HDA Digital PCBeep as /devices/pci0000:00/0000:00:14.2/sound/card0/input8
feb 02 09:20:00 debian kernel: input: HD-Audio Generic Mic as /devices/pci0000:00/0000:00:14.2/sound/card0/input9
feb 02 09:20:00 debian kernel: input: HD-Audio Generic Line Out as /devices/pci0000:00/0000:00:14.2/sound/card0/input10
feb 02 09:20:00 debian kernel: input: HD-Audio Generic Front Headphone as /devices/pci0000:00/0000:00:14.2/sound/card0/input11
feb 02 09:20:00 debian /usr/bin/snap[527]: cmd.go:105: DEBUG: restarting into "/snap/core/current/usr/bin/snap"
feb 02 09:20:00 debian systemd[1]: Reached target Sound Card.
-- Subject: Unit sound.target has finished start-up
-- Defined-By: systemd
-- Support: https://www.debian.org/support
-- 
-- Unit sound.target has finished starting up.
-- 
-- The start-up result is done.
feb 02 09:20:01 debian /usr/bin/snap[540]: cmd.go:105: DEBUG: restarting into "/snap/core/current/usr/bin/snap"
feb 02 09:20:01 debian systemd[1]: Found device Hitachi_HDS721010CLA630 7.
-- Subject: Unit dev-disk-by\x2duuid-0429f46a\x2d7c72\x2d454c\x2d89dd\x2d3e26a16bf10e.device has finished start-up
-- Defined-By: systemd
-- Support: https://www.debian.org/support
-- 
-- Unit dev-disk-by\x2duuid-0429f46a\x2d7c72\x2d454c\x2d89dd\x2d3e26a16bf10e.device has finished starting up.
-- 
-- The start-up result is done.
feb 02 09:20:01 debian systemd[1]: Activating swap /dev/disk/by-uuid/0429f46a-7c72-454c-89dd-3e26a16bf10e...
-- Subject: Unit dev-disk-by\x2duuid-0429f46a\x2d7c72\x2d454c\x2d89dd\x2d3e26a16bf10e.swap has begun start-up
-- Defined-By: systemd
-- Support: https://www.debian.org/support
-- 
-- Unit dev-disk-by\x2duuid-0429f46a\x2d7c72\x2d454c\x2d89dd\x2d3e26a16bf10e.swap has begun starting up.
feb 02 09:20:01 debian kernel: Adding 16197628k swap on /dev/sda7.  Priority:-1 extents:1 across:16197628k FS
feb 02 09:20:01 debian systemd[1]: Activated swap /dev/disk/by-uuid/0429f46a-7c72-454c-89dd-3e26a16bf10e.
-- Subject: Unit dev-disk-by\x2duuid-0429f46a\x2d7c72\x2d454c\x2d89dd\x2d3e26a16bf10e.swap has finished start-up
-- Defined-By: systemd
-- Support: https://www.debian.org/support
-- 
-- Unit dev-disk-by\x2duuid-0429f46a\x2d7c72\x2d454c\x2d89dd\x2d3e26a16bf10e.swap has finished starting up.
-- 
-- The start-up result is done.
feb 02 09:20:01 debian systemd[1]: Reached target Swap.
-- Subject: Unit swap.target has finished start-up
-- Defined-By: systemd
-- Support: https://www.debian.org/support
-- 
-- Unit swap.target has finished starting up.
-- 
-- The start-up result is done.
feb 02 09:20:01 debian systemd[1]: Reached target System Initialization.
-- Subject: Unit sysinit.target has finished start-up
-- Defined-By: systemd
-- Support: https://www.debian.org/support
-- 
-- Unit sysinit.target has finished starting up.
-- 
-- The start-up result is done.
feb 02 09:20:01 debian systemd[1]: Started Clean PHP session files every 30 mins.
-- Subject: Unit phpsessionclean.timer has finished start-up
-- Defined-By: systemd
-- Support: https://www.debian.org/support
-- 
-- Unit phpsessionclean.timer has finished starting up.
-- 
-- The start-up result is done.
feb 02 09:20:01 debian systemd[1]: Listening on UUID daemon activation socket.
-- Subject: Unit uuidd.socket has finished start-up
-- Defined-By: systemd
-- Support: https://www.debian.org/support
-- 
-- Unit uuidd.socket has finished starting up.
-- 
-- The start-up result is done.
feb 02 09:20:01 debian systemd[1]: Started ACPI Events Check.
-- Subject: Unit acpid.path has finished start-up
-- Defined-By: systemd
-- Support: https://www.debian.org/support
-- 
-- Unit acpid.path has finished starting up.
-- 
-- The start-up result is done.
feb 02 09:20:01 debian systemd[1]: snapd.refresh.timer: Adding 5h 7min 15.682244s random time.
feb 02 09:20:01 debian systemd[1]: snapd.refresh.timer: Adding 3h 55min 47.372747s random time.
feb 02 09:20:01 debian systemd[1]: Started Timer to automatically refresh installed snaps.
-- Subject: Unit snapd.refresh.timer has finished start-up
-- Defined-By: systemd
-- Support: https://www.debian.org/support
-- 
-- Unit snapd.refresh.timer has finished starting up.
-- 
-- The start-up result is done.
feb 02 09:20:01 debian systemd[1]: Starting Socket activation for snappy daemon.
-- Subject: Unit snapd.socket has begun start-up
-- Defined-By: systemd
-- Support: https://www.debian.org/support
-- 
-- Unit snapd.socket has begun starting up.
feb 02 09:20:01 debian systemd[1]: Listening on ACPID Listen Socket.
-- Subject: Unit acpid.socket has finished start-up
-- Defined-By: systemd
-- Support: https://www.debian.org/support
-- 
-- Unit acpid.socket has finished starting up.
-- 
-- The start-up result is done.
feb 02 09:20:01 debian systemd[1]: apt-daily.timer: Adding 2h 37min 42.206669s random time.
feb 02 09:20:01 debian systemd[1]: Started Daily apt download activities.
-- Subject: Unit apt-daily.timer has finished start-up
-- Defined-By: systemd
-- Support: https://www.debian.org/support
-- 
-- Unit apt-daily.timer has finished starting up.
-- 
-- The start-up result is done.
feb 02 09:20:01 debian systemd[1]: Started Daily Cleanup of Temporary Directories.
-- Subject: Unit systemd-tmpfiles-clean.timer has finished start-up
-- Defined-By: systemd
-- Support: https://www.debian.org/support
-- 
-- Unit systemd-tmpfiles-clean.timer has finished starting up.
-- 
-- The start-up result is done.
feb 02 09:20:01 debian systemd[1]: Started CUPS Scheduler.
-- Subject: Unit cups.path has finished start-up
-- Defined-By: systemd
-- Support: https://www.debian.org/support
-- 
-- Unit cups.path has finished starting up.
-- 
-- The start-up result is done.
feb 02 09:20:01 debian systemd[1]: Reached target Paths.
-- Subject: Unit paths.target has finished start-up
-- Defined-By: systemd
-- Support: https://www.debian.org/support
-- 
-- Unit paths.target has finished starting up.
-- 
-- The start-up result is done.
feb 02 09:20:01 debian systemd[1]: Listening on Avahi mDNS/DNS-SD Stack Activation Socket.
-- Subject: Unit avahi-daemon.socket has finished start-up
-- Defined-By: systemd
-- Support: https://www.debian.org/support
-- 
-- Unit avahi-daemon.socket has finished starting up.
-- 
-- The start-up result is done.
feb 02 09:20:01 debian systemd[1]: Listening on CUPS Scheduler.
-- Subject: Unit cups.socket has finished start-up
-- Defined-By: systemd
-- Support: https://www.debian.org/support
-- 
-- Unit cups.socket has finished starting up.
-- 
-- The start-up result is done.
feb 02 09:20:01 debian systemd[1]: apt-daily-upgrade.timer: Adding 44min 42.194875s random time.
feb 02 09:20:01 debian systemd[1]: Started Daily apt upgrade and clean activities.
-- Subject: Unit apt-daily-upgrade.timer has finished start-up
-- Defined-By: systemd
-- Support: https://www.debian.org/support
-- 
-- Unit apt-daily-upgrade.timer has finished starting up.
-- 
-- The start-up result is done.
feb 02 09:20:01 debian systemd[1]: anacron.timer: Adding 4min 21.803469s random time.
feb 02 09:20:01 debian systemd[1]: Started Trigger anacron every hour.
-- Subject: Unit anacron.timer has finished start-up
-- Defined-By: systemd
-- Support: https://www.debian.org/support
-- 
-- Unit anacron.timer has finished starting up.
-- 
-- The start-up result is done.
feb 02 09:20:01 debian systemd[1]: Reached target Timers.
-- Subject: Unit timers.target has finished start-up
-- Defined-By: systemd
-- Support: https://www.debian.org/support
-- 
-- Unit timers.target has finished starting up.
-- 
-- The start-up result is done.
feb 02 09:20:01 debian systemd[1]: Listening on D-Bus System Message Bus Socket.
-- Subject: Unit dbus.socket has finished start-up
-- Defined-By: systemd
-- Support: https://www.debian.org/support
-- 
-- Unit dbus.socket has finished starting up.
-- 
-- The start-up result is done.
feb 02 09:20:01 debian systemd[1]: Listening on Socket activation for snappy daemon.
-- Subject: Unit snapd.socket has finished start-up
-- Defined-By: systemd
-- Support: https://www.debian.org/support
-- 
-- Unit snapd.socket has finished starting up.
-- 
-- The start-up result is done.
feb 02 09:20:01 debian systemd[1]: Reached target Sockets.
-- Subject: Unit sockets.target has finished start-up
-- Defined-By: systemd
-- Support: https://www.debian.org/support
-- 
-- Unit sockets.target has finished starting up.
-- 
-- The start-up result is done.
feb 02 09:20:01 debian systemd[1]: Reached target Basic System.
-- Subject: Unit basic.target has finished start-up
-- Defined-By: systemd
-- Support: https://www.debian.org/support
-- 
-- Unit basic.target has finished starting up.
-- 
-- The start-up result is done.
feb 02 09:20:01 debian systemd[1]: Started ClamAV virus database updater.
-- Subject: Unit clamav-freshclam.service has finished start-up
-- Defined-By: systemd
-- Support: https://www.debian.org/support
-- 
-- Unit clamav-freshclam.service has finished starting up.
-- 
-- The start-up result is done.
feb 02 09:20:01 debian systemd[1]: Starting System Logging Service...
-- Subject: Unit rsyslog.service has begun start-up
-- Defined-By: systemd
-- Support: https://www.debian.org/support
-- 
-- Unit rsyslog.service has begun starting up.
feb 02 09:20:01 debian systemd[1]: Starting Avahi mDNS/DNS-SD Stack...
-- Subject: Unit avahi-daemon.service has begun start-up
-- Defined-By: systemd
-- Support: https://www.debian.org/support
-- 
-- Unit avahi-daemon.service has begun starting up.
feb 02 09:20:01 debian systemd[1]: Starting Initialize hardware monitoring sensors...
-- Subject: Unit lm-sensors.service has begun start-up
-- Defined-By: systemd
-- Support: https://www.debian.org/support
-- 
-- Unit lm-sensors.service has begun starting up.
feb 02 09:20:01 debian systemd[1]: Started D-Bus System Message Bus.
-- Subject: Unit dbus.service has finished start-up
-- Defined-By: systemd
-- Support: https://www.debian.org/support
-- 
-- Unit dbus.service has finished starting up.
-- 
-- The start-up result is done.
feb 02 09:20:01 debian avahi-daemon[554]: Found user 'avahi' (UID 111) and group 'avahi' (GID 118).
feb 02 09:20:01 debian avahi-daemon[554]: Successfully dropped root privileges.
feb 02 09:20:01 debian avahi-daemon[554]: avahi-daemon 0.6.32 starting up.
feb 02 09:20:01 debian liblogging-stdlog[553]:  [origin software="rsyslogd" swVersion="8.24.0" x-pid="553" x-info="http://www.rsyslog.com"] start
feb 02 09:20:01 debian dbus-daemon[556]: Unknown username "geoclue" in message bus configuration file
feb 02 09:20:02 debian systemd[1]: Started CUPS Scheduler.
-- Subject: Unit cups.service has finished start-up
-- Defined-By: systemd
-- Support: https://www.debian.org/support
-- 
-- Unit cups.service has finished starting up.
-- 
-- The start-up result is done.
feb 02 09:20:02 debian avahi-daemon[554]: Successfully called chroot().
feb 02 09:20:02 debian avahi-daemon[554]: Successfully dropped remaining capabilities.
feb 02 09:20:02 debian avahi-daemon[558]: chroot.c: open() failed: No such file or directory
feb 02 09:20:02 debian avahi-daemon[554]: Failed to open /etc/resolv.conf: Invalid argument
feb 02 09:20:02 debian avahi-daemon[554]: No service file found in /etc/avahi/services.
feb 02 09:20:02 debian avahi-daemon[554]: Network interface enumeration completed.
feb 02 09:20:02 debian avahi-daemon[554]: Server startup complete. Host name is debian.local. Local service cookie is 1514680960.
feb 02 09:20:03 debian systemd[1]: Started Regular background program processing daemon.
-- Subject: Unit cron.service has finished start-up
-- Defined-By: systemd
-- Support: https://www.debian.org/support
-- 
-- Unit cron.service has finished starting up.
-- 
-- The start-up result is done.
feb 02 09:20:03 debian systemd[1]: Starting Accounts Service...
-- Subject: Unit accounts-daemon.service has begun start-up
-- Defined-By: systemd
-- Support: https://www.debian.org/support
-- 
-- Unit accounts-daemon.service has begun starting up.
feb 02 09:20:03 debian systemd[1]: Starting Modem Manager...
-- Subject: Unit ModemManager.service has begun start-up
-- Defined-By: systemd
-- Support: https://www.debian.org/support
-- 
-- Unit ModemManager.service has begun starting up.
feb 02 09:20:03 debian cron[564]: (CRON) INFO (pidfile fd = 3)
feb 02 09:20:03 debian cron[564]: (CRON) INFO (Running @reboot jobs)
feb 02 09:20:03 debian systemd[1]: Starting RealtimeKit Scheduling Policy Service...
-- Subject: Unit rtkit-daemon.service has begun start-up
-- Defined-By: systemd
-- Support: https://www.debian.org/support
-- 
-- Unit rtkit-daemon.service has begun starting up.
feb 02 09:20:03 debian systemd[1]: Starting PostgreSQL Cluster 10-main...
-- Subject: Unit postgresql@10-main.service has begun start-up
-- Defined-By: systemd
